 addon

 Timestamp is 5c41765d (Fri Jan 18 08:46:53 2019)

 Preferred load address is 0000000180000000

 Start         Length     Name                   Class
 0001:00000000 00000070H .text$di                CODE
 0001:00000070 000333c0H .text$mn                CODE
 0001:00033430 000000e0H .text$mn$00             CODE
 0001:00033510 000004d0H .text$x                 CODE
 0001:000339e0 000000f8H .text$yd                CODE
 0002:00000000 000002a8H .idata$5                DATA
 0002:000002a8 00000020H .00cfg                  DATA
 0002:000002c8 00000008H .CRT$XCA                DATA
 0002:000002d0 00000018H .CRT$XCC                DATA
 0002:000002e8 00000010H .CRT$XCL                DATA
 0002:000002f8 00000008H .CRT$XCU                DATA
 0002:00000300 00000008H .CRT$XCZ                DATA
 0002:00000308 00000008H .CRT$XIA                DATA
 0002:00000310 00000028H .CRT$XIC                DATA
 0002:00000338 00000008H .CRT$XIZ                DATA
 0002:00000340 00000008H .CRT$XPA                DATA
 0002:00000348 00000010H .CRT$XPX                DATA
 0002:00000358 00000008H .CRT$XPXA               DATA
 0002:00000360 00000008H .CRT$XPZ                DATA
 0002:00000368 00000008H .CRT$XTA                DATA
 0002:00000370 00000010H .CRT$XTZ                DATA
 0002:00000378 00000000H .gfids$y                DATA
 0002:00000380 000105c0H .rdata                  DATA
 0002:00010940 00000b14H .rdata$r                DATA
 0002:00011454 00000404H .rdata$zzzdbg           DATA
 0002:00011858 00000008H .rtc$IAA                DATA
 0002:00011860 00000008H .rtc$IZZ                DATA
 0002:00011868 00000008H .rtc$TAA                DATA
 0002:00011870 00000010H .rtc$TZZ                DATA
 0002:00011880 000025a0H .xdata                  DATA
 0002:00013e20 00000244H .xdata$x                DATA
 0002:00014064 00000020H .didat$2                DATA
 0002:00014084 00000024H .didat$3                DATA
 0002:000140a8 000000d8H .didat$4                DATA
 0002:00014180 00000740H .didat$6                DATA
 0002:000148c0 000000e0H .didat$7                DATA
 0002:000149a0 00000050H .edata                  DATA
 0002:000149f0 00000014H .idata$2                DATA
 0002:00014a04 00000014H .idata$3                DATA
 0002:00014a18 000002a8H .idata$4                DATA
 0002:00014cc0 0000061cH .idata$6                DATA
 0003:00000000 00000ba0H .data                   DATA
 0003:00000ba0 00000408H .data$r                 DATA
 0003:00000fa8 000000d8H .didat$5                DATA
 0003:00001080 00001860H .bss                    DATA
 0004:00000000 0000288cH .pdata                  DATA
 0005:00000000 00000060H .rsrc$01                DATA
 0005:00000060 00000180H .rsrc$02                DATA

  Address         Publics by Value              Rva+Base               Lib:Object

 0000:00000000       __guard_iat_table          0000000000000000     <absolute>
 0000:00000000       __dynamic_value_reloc_table 0000000000000000     <absolute>
 0000:00000000       __hybrid_code_map          0000000000000000     <absolute>
 0000:00000000       __hybrid_code_map_count    0000000000000000     <absolute>
 0000:00000000       __guard_iat_count          0000000000000000     <absolute>
 0000:00000000       __hybrid_auxiliary_iat     0000000000000000     <absolute>
 0000:00000000       __guard_longjmp_table      0000000000000000     <absolute>
 0000:00000000       __guard_longjmp_count      0000000000000000     <absolute>
 0000:00000000       __guard_fids_count         0000000000000000     <absolute>
 0000:00000000       __enclave_config           0000000000000000     <absolute>
 0000:00000000       ___safe_se_handler_table   0000000000000000     <absolute>
 0000:00000000       ___safe_se_handler_count   0000000000000000     <absolute>
 0000:00000000       __guard_fids_table         0000000000000000     <absolute>
 0000:00000100       __guard_flags              0000000000000100     <absolute>
 0000:00000000       __ImageBase                0000000180000000     <linker-defined>
 0001:00000150       ??0Utf8String@Nan@@QEAA@V?$Local@VValue@v8@@@v8@@@Z 0000000180001150 f i main.obj
 0001:00000280       ?Export@Nan@@YAXV?$Local@VObject@v8@@@v8@@PEBDP6AXAEBV?$FunctionCallbackInfo@VValue@v8@@@1@@Z@Z 0000000180001280 f i main.obj
 0001:000004b0       ?TranslateFile@@YAXAEBV?$FunctionCallbackInfo@VValue@v8@@@Nan@@@Z 00000001800014b0 f   main.obj
 0001:00000a70       ?Initialize@@YAXV?$Local@VObject@v8@@@v8@@@Z 0000000180001a70 f   main.obj
 0001:00000a90       ??0?$basic_string@DU?$char_traits@D@std@@V?$allocator@D@2@@std@@QEAA@AEBV01@@Z 0000000180001a90 f i main.obj
 0001:00000b60       ?_Tidy_deallocate@?$basic_string@DU?$char_traits@D@std@@V?$allocator@D@2@@std@@QEAAXXZ 0000000180001b60 f i main.obj
 0001:00000bd0       ?assign@?$basic_string@DU?$char_traits@D@std@@V?$allocator@D@2@@std@@QEAAAEAV12@QEBD_K@Z 0000000180001bd0 f i main.obj
 0001:00000d30       ?_Fail@?$_Default_allocate_traits@$00@std@@SAXXZ 0000000180001d30 f i main.obj
 0001:00000d40       ?_Xlen@?$basic_string@DU?$char_traits@D@std@@V?$allocator@D@2@@std@@SAXXZ 0000000180001d40 f i main.obj
 0001:00000d60       ?ProccessInput@@YA?AV?$basic_string@DU?$char_traits@D@std@@V?$allocator@D@2@@std@@V12@00@Z 0000000180001d60 f   translator.obj
 0001:00000ef0       __local_stdio_printf_options 0000000180001ef0 f i modern.obj
 0001:00000f00       sprintf_s                  0000000180001f00 f i modern.obj
 0001:00000f60       ?what@exception@stdext@@UEBAPEBDXZ 0000000180001f60 f i modern.obj
 0001:00000f80       ?_Raise@exception@stdext@@QEBAXXZ 0000000180001f80 f i modern.obj
 0001:00000fc0       ?_Doraise@exception@stdext@@MEBAXXZ 0000000180001fc0 f i modern.obj
 0001:00000fc0       _guard_check_icall_nop     0000000180001fc0 f i LIBCMT:guard_support.obj
 0001:00000fc0       ?_Unlock@?$basic_streambuf@DU?$char_traits@D@std@@@std@@UEAAXXZ 0000000180001fc0 f i modern.obj
 0001:00000fc0       ?_Lock@?$basic_streambuf@DU?$char_traits@D@std@@@std@@UEAAXXZ 0000000180001fc0 f i modern.obj
 0001:00000fc0       ?imbue@?$basic_streambuf@DU?$char_traits@D@std@@@std@@MEAAXAEBVlocale@2@@Z 0000000180001fc0 f i modern.obj
 0001:00000fd0       ??_Eexception@stdext@@UEAAPEAXI@Z 0000000180001fd0 f i * CIL library *:* CIL module *
 0001:00000fd0       ??_Eruntime_error@std@@UEAAPEAXI@Z 0000000180001fd0 f i * CIL library *:* CIL module *
 0001:00000fd0       ??_Gexception@stdext@@UEAAPEAXI@Z 0000000180001fd0 f i modern.obj
 0001:00000fd0       ??_Gruntime_error@std@@UEAAPEAXI@Z 0000000180001fd0 f i modern.obj
 0001:00001000       ??0runtime_error@std@@QEAA@PEBD@Z 0000000180002000 f i modern.obj
 0001:00001020       ??1_Locinfo@std@@QEAA@XZ   0000000180002020 f i modern.obj
 0001:000010c0       ??_E_Facet_base@std@@UEAAPEAXI@Z 00000001800020c0 f i * CIL library *:* CIL module *
 0001:000010c0       ??_G_Facet_base@std@@UEAAPEAXI@Z 00000001800020c0 f i modern.obj
 0001:000010f0       ?_Incref@facet@locale@std@@UEAAXXZ 00000001800020f0 f i modern.obj
 0001:00001100       ?_Decref@facet@locale@std@@UEAAPEAV_Facet_base@3@XZ 0000000180002100 f i modern.obj
 0001:00001110       ?do_encoding@codecvt_base@std@@MEBAHXZ 0000000180002110 f i modern.obj
 0001:00001110       ?do_max_length@codecvt_base@std@@MEBAHXZ 0000000180002110 f i modern.obj
 0001:00001110       DllMain                    0000000180002110 f i LIBCMT:dll_dllmain_stub.obj
 0001:00001110       _get_startup_argv_mode     0000000180002110 f i LIBCMT:argv_mode.obj
 0001:00001120       ?do_tolower@?$ctype@D@std@@MEBADD@Z 0000000180002120 f i modern.obj
 0001:00001130       ?do_tolower@?$ctype@D@std@@MEBAPEBDPEADPEBD@Z 0000000180002130 f i modern.obj
 0001:00001190       ?do_toupper@?$ctype@D@std@@MEBADD@Z 0000000180002190 f i modern.obj
 0001:000011a0       ?do_toupper@?$ctype@D@std@@MEBAPEBDPEADPEBD@Z 00000001800021a0 f i modern.obj
 0001:00001200       ?do_narrow@?$ctype@D@std@@MEBADDD@Z 0000000180002200 f i modern.obj
 0001:00001200       ?do_widen@?$ctype@D@std@@MEBADD@Z 0000000180002200 f i modern.obj
 0001:00001210       ?do_widen@?$ctype@D@std@@MEBAPEBDPEBD0PEAD@Z 0000000180002210 f i modern.obj
 0001:00001230       ?do_narrow@?$ctype@D@std@@MEBAPEBDPEBD0DPEAD@Z 0000000180002230 f i modern.obj
 0001:00001250       ??_G?$ctype@D@std@@MEAAPEAXI@Z 0000000180002250 f i modern.obj
 0001:00001250       ??_E?$ctype@D@std@@MEAAPEAXI@Z 0000000180002250 f i * CIL library *:* CIL module *
 0001:000012c0       ??_Eerror_category@std@@UEAAPEAXI@Z 00000001800022c0 f i * CIL library *:* CIL module *
 0001:000012c0       ??_E_Iostream_error_category@std@@UEAAPEAXI@Z 00000001800022c0 f i * CIL library *:* CIL module *
 0001:000012c0       ??_Gerror_category@std@@UEAAPEAXI@Z 00000001800022c0 f i modern.obj
 0001:000012c0       ??_G_Iostream_error_category@std@@UEAAPEAXI@Z 00000001800022c0 f i modern.obj
 0001:000012f0       ?default_error_condition@error_category@std@@UEBA?AVerror_condition@2@H@Z 00000001800022f0 f i modern.obj
 0001:00001300       ?equivalent@error_category@std@@UEBA_NHAEBVerror_condition@2@@Z 0000000180002300 f i modern.obj
 0001:00001340       ?equivalent@error_category@std@@UEBA_NAEBVerror_code@2@H@Z 0000000180002340 f i modern.obj
 0001:00001360       ?make_error_code@std@@YA?AVerror_code@1@W4io_errc@1@@Z 0000000180002360 f i modern.obj
 0001:000013b0       ??0_System_error@std@@IEAA@Verror_code@1@AEBV?$basic_string@DU?$char_traits@D@std@@V?$allocator@D@2@@1@@Z 00000001800023b0 f i modern.obj
 0001:000015f0       ??_G_System_error@std@@UEAAPEAXI@Z 00000001800025f0 f i modern.obj
 0001:000015f0       ??_Efailure@ios_base@std@@UEAAPEAXI@Z 00000001800025f0 f i * CIL library *:* CIL module *
 0001:000015f0       ??_Gfailure@ios_base@std@@UEAAPEAXI@Z 00000001800025f0 f i modern.obj
 0001:000015f0       ??_E_System_error@std@@UEAAPEAXI@Z 00000001800025f0 f i * CIL library *:* CIL module *
 0001:00001620       ?name@_Iostream_error_category@std@@UEBAPEBDXZ 0000000180002620 f i modern.obj
 0001:00001630       ?message@_Iostream_error_category@std@@UEBA?AV?$basic_string@DU?$char_traits@D@std@@V?$allocator@D@2@@2@H@Z 0000000180002630 f i modern.obj
 0001:000016b0       ??0failure@ios_base@std@@QEAA@PEBDAEBVerror_code@2@@Z 00000001800026b0 f i modern.obj
 0001:000017a0       ?_Doraise@failure@ios_base@std@@MEBAXXZ 00000001800027a0 f i modern.obj
 0001:000017c0       ?clear@ios_base@std@@QEAAXH_N@Z 00000001800027c0 f i modern.obj
 0001:00001850       ??_Gios_base@std@@UEAAPEAXI@Z 0000000180002850 f i modern.obj
 0001:00001850       ??_Eios_base@std@@UEAAPEAXI@Z 0000000180002850 f i * CIL library *:* CIL module *
 0001:00001890       ?findDiameter@@YAHPEAV?$queue@_KV?$deque@_KV?$allocator@_K@std@@@std@@@std@@_K1@Z 0000000180002890 f   modern.obj
 0001:00001d80       ?execute@@YAXXZ            0000000180002d80 f   modern.obj
 0001:00002250       ??_D?$basic_ifstream@DU?$char_traits@D@std@@@std@@QEAAXXZ 0000000180003250 f i modern.obj
 0001:000022e0       ??_D?$basic_ofstream@DU?$char_traits@D@std@@@std@@QEAAXXZ 00000001800032e0 f i modern.obj
 0001:00002370       ??1?$deque@V?$tuple@_K_K_K@std@@V?$allocator@V?$tuple@_K_K_K@std@@@2@@std@@QEAA@XZ 0000000180003370 f i modern.obj
 0001:00002460       ?imbue@?$basic_filebuf@DU?$char_traits@D@std@@@std@@MEAAXAEBVlocale@2@@Z 0000000180003460 f i modern.obj
 0001:00002490       ?sync@?$basic_filebuf@DU?$char_traits@D@std@@@std@@MEAAHXZ 0000000180003490 f i modern.obj
 0001:000024e0       ?setbuf@?$basic_filebuf@DU?$char_traits@D@std@@@std@@MEAAPEAV?$basic_streambuf@DU?$char_traits@D@std@@@2@PEAD_J@Z 00000001800034e0 f i modern.obj
 0001:00002540       ?seekpos@?$basic_filebuf@DU?$char_traits@D@std@@@std@@MEAA?AV?$fpos@U_Mbstatet@@@2@V32@H@Z 0000000180003540 f i modern.obj
 0001:00002620       ?seekoff@?$basic_filebuf@DU?$char_traits@D@std@@@std@@MEAA?AV?$fpos@U_Mbstatet@@@2@_JHH@Z 0000000180003620 f i modern.obj
 0001:00002710       ?uflow@?$basic_filebuf@DU?$char_traits@D@std@@@std@@MEAAHXZ 0000000180003710 f i modern.obj
 0001:00002a50       ?underflow@?$basic_filebuf@DU?$char_traits@D@std@@@std@@MEAAHXZ 0000000180003a50 f i modern.obj
 0001:00002ac0       ?pbackfail@?$basic_filebuf@DU?$char_traits@D@std@@@std@@MEAAHH@Z 0000000180003ac0 f i modern.obj
 0001:00002ba0       ?overflow@?$basic_filebuf@DU?$char_traits@D@std@@@std@@MEAAHH@Z 0000000180003ba0 f i modern.obj
 0001:00002e40       ?_Unlock@?$basic_filebuf@DU?$char_traits@D@std@@@std@@UEAAXXZ 0000000180003e40 f i modern.obj
 0001:00002e60       ?_Lock@?$basic_filebuf@DU?$char_traits@D@std@@@std@@UEAAXXZ 0000000180003e60 f i modern.obj
 0001:00002e80       ??1?$basic_filebuf@DU?$char_traits@D@std@@@std@@UEAA@XZ 0000000180003e80 f i modern.obj
 0001:00002fc0       ??6?$basic_ostream@DU?$char_traits@D@std@@@std@@QEAAAEAV01@I@Z 0000000180003fc0 f i modern.obj
 0001:00003150       ??6?$basic_ostream@DU?$char_traits@D@std@@@std@@QEAAAEAV01@H@Z 0000000180004150 f i modern.obj
 0001:000032e0       ??5?$basic_istream@DU?$char_traits@D@std@@@std@@QEAAAEAV01@AEAI@Z 00000001800042e0 f i modern.obj
 0001:00003460       ?sync@?$basic_streambuf@DU?$char_traits@D@std@@@std@@MEAAHXZ 0000000180004460 f i modern.obj
 0001:00003460       ?showmanyc@?$basic_streambuf@DU?$char_traits@D@std@@@std@@MEAA_JXZ 0000000180004460 f i modern.obj
 0001:00003470       ?setbuf@?$basic_streambuf@DU?$char_traits@D@std@@@std@@MEAAPEAV12@PEAD_J@Z 0000000180004470 f i modern.obj
 0001:00003480       ?seekpos@?$basic_streambuf@DU?$char_traits@D@std@@@std@@MEAA?AV?$fpos@U_Mbstatet@@@2@V32@H@Z 0000000180004480 f i modern.obj
 0001:00003480       ?seekoff@?$basic_streambuf@DU?$char_traits@D@std@@@std@@MEAA?AV?$fpos@U_Mbstatet@@@2@_JHH@Z 0000000180004480 f i modern.obj
 0001:000034a0       ?xsputn@?$basic_streambuf@DU?$char_traits@D@std@@@std@@MEAA_JPEBD_J@Z 00000001800044a0 f i modern.obj
 0001:00003570       ?xsgetn@?$basic_streambuf@DU?$char_traits@D@std@@@std@@MEAA_JPEAD_J@Z 0000000180004570 f i modern.obj
 0001:00003630       ?uflow@?$basic_streambuf@DU?$char_traits@D@std@@@std@@MEAAHXZ 0000000180004630 f i modern.obj
 0001:00003670       ?underflow@?$basic_streambuf@DU?$char_traits@D@std@@@std@@MEAAHXZ 0000000180004670 f i modern.obj
 0001:00003670       ?pbackfail@?$basic_streambuf@DU?$char_traits@D@std@@@std@@MEAAHH@Z 0000000180004670 f i modern.obj
 0001:00003670       ?overflow@?$basic_streambuf@DU?$char_traits@D@std@@@std@@MEAAHH@Z 0000000180004670 f i modern.obj
 0001:00003680       ??_E?$basic_ofstream@DU?$char_traits@D@std@@@std@@UEAAPEAXI@Z 0000000180004680 f i * CIL library *:* CIL module *
 0001:00003680       ??_G?$basic_ofstream@DU?$char_traits@D@std@@@std@@UEAAPEAXI@Z 0000000180004680 f i modern.obj
 0001:000036c0       ??_E?$basic_ifstream@DU?$char_traits@D@std@@@std@@UEAAPEAXI@Z 00000001800046c0 f i * CIL library *:* CIL module *
 0001:000036c0       ??_G?$basic_ifstream@DU?$char_traits@D@std@@@std@@UEAAPEAXI@Z 00000001800046c0 f i modern.obj
 0001:00003700       ??_E?$basic_filebuf@DU?$char_traits@D@std@@@std@@UEAAPEAXI@Z 0000000180004700 f i * CIL library *:* CIL module *
 0001:00003700       ??_G?$basic_filebuf@DU?$char_traits@D@std@@@std@@UEAAPEAXI@Z 0000000180004700 f i modern.obj
 0001:00003740       ??_G?$basic_ostream@DU?$char_traits@D@std@@@std@@UEAAPEAXI@Z 0000000180004740 f i modern.obj
 0001:00003740       ??_E?$basic_ostream@DU?$char_traits@D@std@@@std@@UEAAPEAXI@Z 0000000180004740 f i * CIL library *:* CIL module *
 0001:000037b0       ??_G?$basic_istream@DU?$char_traits@D@std@@@std@@UEAAPEAXI@Z 00000001800047b0 f i modern.obj
 0001:000037b0       ??_E?$basic_istream@DU?$char_traits@D@std@@@std@@UEAAPEAXI@Z 00000001800047b0 f i * CIL library *:* CIL module *
 0001:00003820       ??_G?$basic_streambuf@DU?$char_traits@D@std@@@std@@UEAAPEAXI@Z 0000000180004820 f i modern.obj
 0001:00003820       ??_E?$basic_streambuf@DU?$char_traits@D@std@@@std@@UEAAPEAXI@Z 0000000180004820 f i * CIL library *:* CIL module *
 0001:000038a0       ??_Glocale@std@@QEAAPEAXI@Z 00000001800048a0 f i modern.obj
 0001:00003900       ??0sentry@?$basic_ostream@DU?$char_traits@D@std@@@std@@QEAA@AEAV12@@Z 0000000180004900 f i modern.obj
 0001:00003970       ?do_put@?$num_put@DV?$ostreambuf_iterator@DU?$char_traits@D@std@@@std@@@std@@MEBA?AV?$ostreambuf_iterator@DU?$char_traits@D@std@@@2@V32@AEAVios_base@2@DPEBX@Z 0000000180004970 f i modern.obj
 0001:00003a10       ?do_put@?$num_put@DV?$ostreambuf_iterator@DU?$char_traits@D@std@@@std@@@std@@MEBA?AV?$ostreambuf_iterator@DU?$char_traits@D@std@@@2@V32@AEAVios_base@2@DO@Z 0000000180004a10 f i modern.obj
 0001:00003c90       ?do_put@?$num_put@DV?$ostreambuf_iterator@DU?$char_traits@D@std@@@std@@@std@@MEBA?AV?$ostreambuf_iterator@DU?$char_traits@D@std@@@2@V32@AEAVios_base@2@DN@Z 0000000180004c90 f i modern.obj
 0001:00003f10       ?do_put@?$num_put@DV?$ostreambuf_iterator@DU?$char_traits@D@std@@@std@@@std@@MEBA?AV?$ostreambuf_iterator@DU?$char_traits@D@std@@@2@V32@AEAVios_base@2@D_K@Z 0000000180004f10 f i modern.obj
 0001:00004030       ?do_put@?$num_put@DV?$ostreambuf_iterator@DU?$char_traits@D@std@@@std@@@std@@MEBA?AV?$ostreambuf_iterator@DU?$char_traits@D@std@@@2@V32@AEAVios_base@2@D_J@Z 0000000180005030 f i modern.obj
 0001:00004150       ?do_put@?$num_put@DV?$ostreambuf_iterator@DU?$char_traits@D@std@@@std@@@std@@MEBA?AV?$ostreambuf_iterator@DU?$char_traits@D@std@@@2@V32@AEAVios_base@2@DK@Z 0000000180005150 f i modern.obj
 0001:00004270       ?do_put@?$num_put@DV?$ostreambuf_iterator@DU?$char_traits@D@std@@@std@@@std@@MEBA?AV?$ostreambuf_iterator@DU?$char_traits@D@std@@@2@V32@AEAVios_base@2@DJ@Z 0000000180005270 f i modern.obj
 0001:00004390       ?do_put@?$num_put@DV?$ostreambuf_iterator@DU?$char_traits@D@std@@@std@@@std@@MEBA?AV?$ostreambuf_iterator@DU?$char_traits@D@std@@@2@V32@AEAVios_base@2@D_N@Z 0000000180005390 f i modern.obj
 0001:000046d0       ?do_length@?$codecvt@DDU_Mbstatet@@@std@@MEBAHAEAU_Mbstatet@@PEBD1_K@Z 00000001800056d0 f i modern.obj
 0001:000046f0       ?do_unshift@?$codecvt@DDU_Mbstatet@@@std@@MEBAHAEAU_Mbstatet@@PEAD1AEAPEAD@Z 00000001800056f0 f i modern.obj
 0001:00004700       ?do_out@?$codecvt@DDU_Mbstatet@@@std@@MEBAHAEAU_Mbstatet@@PEBD1AEAPEBDPEAD3AEAPEAD@Z 0000000180005700 f i modern.obj
 0001:00004700       ?do_in@?$codecvt@DDU_Mbstatet@@@std@@MEBAHAEAU_Mbstatet@@PEBD1AEAPEBDPEAD3AEAPEAD@Z 0000000180005700 f i modern.obj
 0001:00004720       ?do_always_noconv@?$codecvt@DDU_Mbstatet@@@std@@MEBA_NXZ 0000000180005720 f i modern.obj
 0001:00004720       __acrt_uninitialize_command_line 0000000180005720 f i libucrt:argv_data.obj
 0001:00004730       ?do_get@?$num_get@DV?$istreambuf_iterator@DU?$char_traits@D@std@@@std@@@std@@MEBA?AV?$istreambuf_iterator@DU?$char_traits@D@std@@@2@V32@0AEAVios_base@2@AEAHAEAPEAX@Z 0000000180005730 f i modern.obj
 0001:000048e0       ?do_get@?$num_get@DV?$istreambuf_iterator@DU?$char_traits@D@std@@@std@@@std@@MEBA?AV?$istreambuf_iterator@DU?$char_traits@D@std@@@2@V32@0AEAVios_base@2@AEAHAEAO@Z 00000001800058e0 f i modern.obj
 0001:000048e0       ?do_get@?$num_get@DV?$istreambuf_iterator@DU?$char_traits@D@std@@@std@@@std@@MEBA?AV?$istreambuf_iterator@DU?$char_traits@D@std@@@2@V32@0AEAVios_base@2@AEAHAEAN@Z 00000001800058e0 f i modern.obj
 0001:00004ac0       ?do_get@?$num_get@DV?$istreambuf_iterator@DU?$char_traits@D@std@@@std@@@std@@MEBA?AV?$istreambuf_iterator@DU?$char_traits@D@std@@@2@V32@0AEAVios_base@2@AEAHAEAM@Z 0000000180005ac0 f i modern.obj
 0001:00004ca0       ?do_get@?$num_get@DV?$istreambuf_iterator@DU?$char_traits@D@std@@@std@@@std@@MEBA?AV?$istreambuf_iterator@DU?$char_traits@D@std@@@2@V32@0AEAVios_base@2@AEAHAEA_K@Z 0000000180005ca0 f i modern.obj
 0001:00004e50       ?do_get@?$num_get@DV?$istreambuf_iterator@DU?$char_traits@D@std@@@std@@@std@@MEBA?AV?$istreambuf_iterator@DU?$char_traits@D@std@@@2@V32@0AEAVios_base@2@AEAHAEA_J@Z 0000000180005e50 f i modern.obj
 0001:00005000       ?do_get@?$num_get@DV?$istreambuf_iterator@DU?$char_traits@D@std@@@std@@@std@@MEBA?AV?$istreambuf_iterator@DU?$char_traits@D@std@@@2@V32@0AEAVios_base@2@AEAHAEAK@Z 0000000180006000 f i modern.obj
 0001:000051b0       ?do_get@?$num_get@DV?$istreambuf_iterator@DU?$char_traits@D@std@@@std@@@std@@MEBA?AV?$istreambuf_iterator@DU?$char_traits@D@std@@@2@V32@0AEAVios_base@2@AEAHAEAJ@Z 00000001800061b0 f i modern.obj
 0001:00005360       ?do_get@?$num_get@DV?$istreambuf_iterator@DU?$char_traits@D@std@@@std@@@std@@MEBA?AV?$istreambuf_iterator@DU?$char_traits@D@std@@@2@V32@0AEAVios_base@2@AEAHAEAI@Z 0000000180006360 f i modern.obj
 0001:00005520       ?do_get@?$num_get@DV?$istreambuf_iterator@DU?$char_traits@D@std@@@std@@@std@@MEBA?AV?$istreambuf_iterator@DU?$char_traits@D@std@@@2@V32@0AEAVios_base@2@AEAHAEAG@Z 0000000180006520 f i modern.obj
 0001:000056f0       ?do_get@?$num_get@DV?$istreambuf_iterator@DU?$char_traits@D@std@@@std@@@std@@MEBA?AV?$istreambuf_iterator@DU?$char_traits@D@std@@@2@V32@0AEAVios_base@2@AEAHAEA_N@Z 00000001800066f0 f i modern.obj
 0001:00005ae0       ?assign@?$basic_string@DU?$char_traits@D@std@@V?$allocator@D@2@@std@@QEAAAEAV12@_KD@Z 0000000180006ae0 f i modern.obj
 0001:00005c50       ?append@?$basic_string@DU?$char_traits@D@std@@V?$allocator@D@2@@std@@QEAAAEAV12@_KD@Z 0000000180006c50 f i modern.obj
 0001:00005ce0       ?append@?$basic_string@DU?$char_traits@D@std@@V?$allocator@D@2@@std@@QEAAAEAV12@QEBD_K@Z 0000000180006ce0 f i modern.obj
 0001:00005d60       ?_Reset_back@?$basic_filebuf@DU?$char_traits@D@std@@@std@@AEAAXXZ 0000000180006d60 f i modern.obj
 0001:00005d90       ?_Initcvt@?$basic_filebuf@DU?$char_traits@D@std@@@std@@IEAAXPEBV?$codecvt@DDU_Mbstatet@@@2@@Z 0000000180006d90 f i modern.obj
 0001:00005e30       ?_Endwrite@?$basic_filebuf@DU?$char_traits@D@std@@@std@@IEAA_NXZ 0000000180006e30 f i modern.obj
 0001:00006040       ?_Init@?$basic_filebuf@DU?$char_traits@D@std@@@std@@IEAAXPEAU_iobuf@@W4_Initfl@12@@Z 0000000180007040 f i modern.obj
 0001:00006130       ?open@?$basic_filebuf@DU?$char_traits@D@std@@@std@@QEAAPEAV12@PEBDHH@Z 0000000180007130 f i modern.obj
 0001:000061e0       ??0?$basic_filebuf@DU?$char_traits@D@std@@@std@@QEAA@PEAU_iobuf@@@Z 00000001800071e0 f i modern.obj
 0001:00006290       ??_E?$num_put@DV?$ostreambuf_iterator@DU?$char_traits@D@std@@@std@@@std@@MEAAPEAXI@Z 0000000180007290 f i * CIL library *:* CIL module *
 0001:00006290       ??_G?$num_put@DV?$ostreambuf_iterator@DU?$char_traits@D@std@@@std@@@std@@MEAAPEAXI@Z 0000000180007290 f i modern.obj
 0001:00006290       ??_E?$codecvt@DDU_Mbstatet@@@std@@MEAAPEAXI@Z 0000000180007290 f i * CIL library *:* CIL module *
 0001:00006290       ??_G?$codecvt@DDU_Mbstatet@@@std@@MEAAPEAXI@Z 0000000180007290 f i modern.obj
 0001:00006290       ??_E?$num_get@DV?$istreambuf_iterator@DU?$char_traits@D@std@@@std@@@std@@MEAAPEAXI@Z 0000000180007290 f i * CIL library *:* CIL module *
 0001:00006290       ??_G?$num_get@DV?$istreambuf_iterator@DU?$char_traits@D@std@@@std@@@std@@MEAAPEAXI@Z 0000000180007290 f i modern.obj
 0001:000062c0       ?do_truename@?$numpunct@D@std@@MEBA?AV?$basic_string@DU?$char_traits@D@std@@V?$allocator@D@2@@2@XZ 00000001800072c0 f i modern.obj
 0001:00006300       ?do_falsename@?$numpunct@D@std@@MEBA?AV?$basic_string@DU?$char_traits@D@std@@V?$allocator@D@2@@2@XZ 0000000180007300 f i modern.obj
 0001:00006340       ?do_grouping@?$numpunct@D@std@@MEBA?AV?$basic_string@DU?$char_traits@D@std@@V?$allocator@D@2@@2@XZ 0000000180007340 f i modern.obj
 0001:00006380       ?do_thousands_sep@?$numpunct@D@std@@MEBADXZ 0000000180007380 f i modern.obj
 0001:00006390       ?do_decimal_point@?$numpunct@D@std@@MEBADXZ 0000000180007390 f i modern.obj
 0001:000063a0       ?_Iput@?$num_put@DV?$ostreambuf_iterator@DU?$char_traits@D@std@@@std@@@std@@AEBA?AV?$ostreambuf_iterator@DU?$char_traits@D@std@@@2@V32@AEAVios_base@2@DPEAD_K@Z 00000001800073a0 f i modern.obj
 0001:00006a60       ?_Fput@?$num_put@DV?$ostreambuf_iterator@DU?$char_traits@D@std@@@std@@@std@@AEBA?AV?$ostreambuf_iterator@DU?$char_traits@D@std@@@2@V32@AEAVios_base@2@DPEBD_K@Z 0000000180007a60 f i modern.obj
 0001:00007190       ?_Getffld@?$num_get@DV?$istreambuf_iterator@DU?$char_traits@D@std@@@std@@@std@@AEBAHPEADAEAV?$istreambuf_iterator@DU?$char_traits@D@std@@@2@1AEAVios_base@2@PEAH@Z 0000000180008190 f i modern.obj
 0001:00008670       ?_Getifld@?$num_get@DV?$istreambuf_iterator@DU?$char_traits@D@std@@@std@@@std@@AEBAHPEADAEAV?$istreambuf_iterator@DU?$char_traits@D@std@@@2@1HAEBVlocale@2@@Z 0000000180009670 f i modern.obj
 0001:00009080       ?_Growmap@?$deque@V?$tuple@_K_K_K@std@@V?$allocator@V?$tuple@_K_K_K@std@@@2@@std@@IEAAX_K@Z 000000018000a080 f i modern.obj
 0001:00009280       ?_Growmap@?$deque@_KV?$allocator@_K@std@@@std@@IEAAX_K@Z 000000018000a280 f i modern.obj
 0001:00009480       ?flush@?$basic_ostream@DU?$char_traits@D@std@@@std@@QEAAAEAV12@XZ 000000018000a480 f i modern.obj
 0001:00009550       ?_Ipfx@?$basic_istream@DU?$char_traits@D@std@@@std@@QEAA_N_N@Z 000000018000a550 f i modern.obj
 0001:00009730       ?init@?$basic_ios@DU?$char_traits@D@std@@@std@@IEAAXPEAV?$basic_streambuf@DU?$char_traits@D@std@@@2@_N@Z 000000018000a730 f i modern.obj
 0001:00009810       ??_G?$numpunct@D@std@@MEAAPEAXI@Z 000000018000a810 f i modern.obj
 0001:00009810       ??_E?$numpunct@D@std@@MEAAPEAXI@Z 000000018000a810 f i * CIL library *:* CIL module *
 0001:00009870       ?_Getffldx@?$num_get@DV?$istreambuf_iterator@DU?$char_traits@D@std@@@std@@@std@@AEBAHPEADAEAV?$istreambuf_iterator@DU?$char_traits@D@std@@@2@1AEAVios_base@2@PEAH@Z 000000018000a870 f i modern.obj
 0001:0000af60       ?_Xlen@?$deque@_KV?$allocator@_K@std@@@std@@IEBAXXZ 000000018000bf60 f i modern.obj
 0001:0000af60       ?_Xlen@?$deque@V?$tuple@_K_K_K@std@@V?$allocator@V?$tuple@_K_K_K@std@@@2@@std@@IEBAXXZ 000000018000bf60 f i modern.obj
 0001:0000af80       ?_Xran@?$_String_val@U?$_Simple_types@D@std@@@std@@SAXXZ 000000018000bf80 f i modern.obj
 0001:0000afa0       ??$use_facet@V?$ctype@D@std@@@std@@YAAEBV?$ctype@D@0@AEBVlocale@0@@Z 000000018000bfa0 f i modern.obj
 0001:0000b1a0       ??$?6U?$char_traits@D@std@@@std@@YAAEAV?$basic_ostream@DU?$char_traits@D@std@@@0@AEAV10@PEBD@Z 000000018000c1a0 f i modern.obj
 0001:0000b3f0       ??$?6U?$char_traits@D@std@@@std@@YAAEAV?$basic_ostream@DU?$char_traits@D@std@@@0@AEAV10@D@Z 000000018000c3f0 f i modern.obj
 0001:0000b640       ??$use_facet@V?$codecvt@DDU_Mbstatet@@@std@@@std@@YAAEBV?$codecvt@DDU_Mbstatet@@@0@AEBVlocale@0@@Z 000000018000c640 f i modern.obj
 0001:0000b820       ??$use_facet@V?$num_put@DV?$ostreambuf_iterator@DU?$char_traits@D@std@@@std@@@std@@@std@@YAAEBV?$num_put@DV?$ostreambuf_iterator@DU?$char_traits@D@std@@@std@@@0@AEBVlocale@0@@Z 000000018000c820 f i modern.obj
 0001:0000ba00       ??$use_facet@V?$num_get@DV?$istreambuf_iterator@DU?$char_traits@D@std@@@std@@@std@@@std@@YAAEBV?$num_get@DV?$istreambuf_iterator@DU?$char_traits@D@std@@@std@@@0@AEBVlocale@0@@Z 000000018000ca00 f i modern.obj
 0001:0000bbe0       ??$use_facet@V?$numpunct@D@std@@@std@@YAAEBV?$numpunct@D@0@AEBVlocale@0@@Z 000000018000cbe0 f i modern.obj
 0001:0000bcf0       ??$_Getloctxt@DV?$istreambuf_iterator@DU?$char_traits@D@std@@@std@@@std@@YAHAEAV?$istreambuf_iterator@DU?$char_traits@D@std@@@0@0_KPEBD@Z 000000018000ccf0 f i modern.obj
 0001:0000c730       ?_Getcat@?$numpunct@D@std@@SA_KPEAPEBVfacet@locale@2@PEBV42@@Z 000000018000d730 f i modern.obj
 0001:0000c930       ??$_Immortalize_impl@V_Iostream_error_category@std@@@std@@YAHPEAX0PEAPEAX@Z 000000018000d930 f i modern.obj
 0001:0000c948       ??_E?$basic_ostream@DU?$char_traits@D@std@@@std@@$4PPPPPPPM@A@EAAPEAXI@Z 000000018000d948 f i modern.obj
 0001:0000c954       ??_E?$basic_ifstream@DU?$char_traits@D@std@@@std@@$4PPPPPPPM@A@EAAPEAXI@Z 000000018000d954 f i modern.obj
 0001:0000c960       ??_E?$basic_istream@DU?$char_traits@D@std@@@std@@$4PPPPPPPM@A@EAAPEAXI@Z 000000018000d960 f i modern.obj
 0001:0000c96c       ??_E?$basic_ofstream@DU?$char_traits@D@std@@@std@@$4PPPPPPPM@A@EAAPEAXI@Z 000000018000d96c f i modern.obj
 0001:0000c9cc       __imp_load_?Value@External@v8@@QEBAPEAXXZ 000000018000d9cc f   node:node.exe
 0001:0000c9d8       __tailMerge_node_exe       000000018000d9d8     node:node.exe
 0001:0000ca51       __imp_load_?New@External@v8@@SA?AV?$Local@VExternal@v8@@@2@PEAVIsolate@2@PEAX@Z 000000018000da51 f   node:node.exe
 0001:0000ca5d       __imp_load_?ThrowException@Isolate@v8@@QEAA?AV?$Local@VValue@v8@@@2@V32@@Z 000000018000da5d f   node:node.exe
 0001:0000ca69       __imp_load_?GetCurrentContext@Isolate@v8@@QEAA?AV?$Local@VContext@v8@@@2@XZ 000000018000da69 f   node:node.exe
 0001:0000ca75       __imp_load_?GetCurrent@Isolate@v8@@SAPEAV12@XZ 000000018000da75 f   node:node.exe
 0001:0000ca81       __imp_load_?CreateHandle@HandleScope@v8@@CAPEAPEAVObject@internal@2@PEAVHeapObject@42@PEAV342@@Z 000000018000da81 f   node:node.exe
 0001:0000ca8d       __imp_load_??1HandleScope@v8@@QEAA@XZ 000000018000da8d f   node:node.exe
 0001:0000ca99       __imp_load_??0HandleScope@v8@@QEAA@PEAVIsolate@1@@Z 000000018000da99 f   node:node.exe
 0001:0000caa5       __imp_load_?Error@Exception@v8@@SA?AV?$Local@VValue@v8@@@2@V?$Local@VString@v8@@@2@@Z 000000018000daa5 f   node:node.exe
 0001:0000cab1       __imp_load_?TypeError@Exception@v8@@SA?AV?$Local@VValue@v8@@@2@V?$Local@VString@v8@@@2@@Z 000000018000dab1 f   node:node.exe
 0001:0000cabd       __imp_load_?GetFunction@FunctionTemplate@v8@@QEAA?AV?$MaybeLocal@VFunction@v8@@@2@V?$Local@VContext@v8@@@2@@Z 000000018000dabd f   node:node.exe
 0001:0000cac9       __imp_load_?New@FunctionTemplate@v8@@SA?AV?$Local@VFunctionTemplate@v8@@@2@PEAVIsolate@2@P6AXAEBV?$FunctionCallbackInfo@VValue@v8@@@2@@ZV?$Local@VValue@v8@@@2@V?$Local@VSignature@v8@@@2@HW4ConstructorBehavior@2@W4SideEffectType@2@@Z 000000018000dac9 f   node:node.exe
 0001:0000cad5       __imp_load_?ToLocalEmpty@V8@v8@@CAXXZ 000000018000dad5 f   node:node.exe
 0001:0000cae1       __imp_load_?ToString@Value@v8@@QEBA?AV?$MaybeLocal@VString@v8@@@2@V?$Local@VContext@v8@@@2@@Z 000000018000dae1 f   node:node.exe
 0001:0000caed       __imp_load_?Escape@EscapableHandleScope@v8@@AEAAPEAPEAVObject@internal@2@PEAPEAV342@@Z 000000018000daed f   node:node.exe
 0001:0000caf9       __imp_load_??0EscapableHandleScope@v8@@QEAA@PEAVIsolate@1@@Z 000000018000daf9 f   node:node.exe
 0001:0000cb05       __imp_load_?NewFromUtf8@String@v8@@SA?AV?$MaybeLocal@VString@v8@@@2@PEAVIsolate@2@PEBDW4NewStringType@2@H@Z 000000018000db05 f   node:node.exe
 0001:0000cb11       __imp_load_?WriteUtf8@String@v8@@QEBAHPEADHPEAHH@Z 000000018000db11 f   node:node.exe
 0001:0000cb1d       __imp_load_?Length@String@v8@@QEBAHXZ 000000018000db1d f   node:node.exe
 0001:0000cb29       __imp_load_?SlowGetInternalField@Object@v8@@AEAA?AV?$Local@VValue@v8@@@2@H@Z 000000018000db29 f   node:node.exe
 0001:0000cb35       __imp_load_?SetInternalField@Object@v8@@QEAAXHV?$Local@VValue@v8@@@2@@Z 000000018000db35 f   node:node.exe
 0001:0000cb41       __imp_load_?Set@Object@v8@@QEAA?AV?$Maybe@_N@2@V?$Local@VContext@v8@@@2@V?$Local@VValue@v8@@@2@1@Z 000000018000db41 f   node:node.exe
 0001:0000cb4d       __imp_load_?SetInternalFieldCount@ObjectTemplate@v8@@QEAAXH@Z 000000018000db4d f   node:node.exe
 0001:0000cb59       __imp_load_?NewInstance@ObjectTemplate@v8@@QEAA?AV?$MaybeLocal@VObject@v8@@@2@V?$Local@VContext@v8@@@2@@Z 000000018000db59 f   node:node.exe
 0001:0000cb65       __imp_load_?New@ObjectTemplate@v8@@SA?AV?$Local@VObjectTemplate@v8@@@2@PEAVIsolate@2@V?$Local@VFunctionTemplate@v8@@@2@@Z 000000018000db65 f   node:node.exe
 0001:0000cb71       __imp_load_node_module_register 000000018000db71 f   node:node.exe
 0001:0000cb80       ??0bad_alloc@std@@QEAA@AEBV01@@Z 000000018000db80 f i libcpmt:xthrow.obj
 0001:0000cbc0       ??0bad_alloc@std@@QEAA@XZ  000000018000dbc0 f i libcpmt:xthrow.obj
 0001:0000cbe0       ??0exception@std@@QEAA@AEBV01@@Z 000000018000dbe0 f i libcpmt:xthrow.obj
 0001:0000cc18       ??0length_error@std@@QEAA@AEBV01@@Z 000000018000dc18 f i libcpmt:xthrow.obj
 0001:0000cc58       ??0length_error@std@@QEAA@PEBD@Z 000000018000dc58 f i libcpmt:xthrow.obj
 0001:0000cca4       ??0logic_error@std@@QEAA@AEBV01@@Z 000000018000dca4 f i libcpmt:xthrow.obj
 0001:0000cce4       ??0out_of_range@std@@QEAA@AEBV01@@Z 000000018000dce4 f i libcpmt:xthrow.obj
 0001:0000cd24       ??0out_of_range@std@@QEAA@PEBD@Z 000000018000dd24 f i libcpmt:xthrow.obj
 0001:0000cd70       ??1out_of_range@std@@UEAA@XZ 000000018000dd70 f i libcpmt:xthrow.obj
 0001:0000cd70       ??1bad_exception@std@@UEAA@XZ 000000018000dd70 f i libvcruntime:frame.obj
 0001:0000cd70       ??1bad_alloc@std@@UEAA@XZ  000000018000dd70 f i libcpmt:xthrow.obj
 0001:0000cd70       ??1bad_array_new_length@std@@UEAA@XZ 000000018000dd70 f i LIBCMT:throw_bad_alloc.obj
 0001:0000cd70       ??1length_error@std@@UEAA@XZ 000000018000dd70 f i libcpmt:xthrow.obj
 0001:0000cd84       ??_Ebad_array_new_length@std@@UEAAPEAXI@Z 000000018000dd84 f i LIBCMT:throw_bad_alloc.obj
 0001:0000cd84       ??_Elength_error@std@@UEAAPEAXI@Z 000000018000dd84 f i libcpmt:xthrow.obj
 0001:0000cd84       ??_Ebad_exception@std@@UEAAPEAXI@Z 000000018000dd84 f i libvcruntime:frame.obj
 0001:0000cd84       ??_Ebad_alloc@std@@UEAAPEAXI@Z 000000018000dd84 f i libcpmt:xthrow.obj
 0001:0000cd84       ??_Elogic_error@std@@UEAAPEAXI@Z 000000018000dd84 f i libcpmt:xthrow.obj
 0001:0000cd84       ??_Gbad_alloc@std@@UEAAPEAXI@Z 000000018000dd84 f i libcpmt:xthrow.obj
 0001:0000cd84       ??_Glogic_error@std@@UEAAPEAXI@Z 000000018000dd84 f i libcpmt:xthrow.obj
 0001:0000cd84       ??_Glength_error@std@@UEAAPEAXI@Z 000000018000dd84 f i libcpmt:xthrow.obj
 0001:0000cd84       ??_Gout_of_range@std@@UEAAPEAXI@Z 000000018000dd84 f i libcpmt:xthrow.obj
 0001:0000cd84       ??_Gbad_array_new_length@std@@UEAAPEAXI@Z 000000018000dd84 f i LIBCMT:throw_bad_alloc.obj
 0001:0000cd84       ??_Gexception@std@@UEAAPEAXI@Z 000000018000dd84 f i libcpmt:xthrow.obj
 0001:0000cd84       ??_Eout_of_range@std@@UEAAPEAXI@Z 000000018000dd84 f i libcpmt:xthrow.obj
 0001:0000cd84       ??_Eexception@std@@UEAAPEAXI@Z 000000018000dd84 f i libcpmt:xthrow.obj
 0001:0000cd84       ??_Gbad_exception@std@@UEAAPEAXI@Z 000000018000dd84 f i libvcruntime:frame.obj
 0001:0000cdc8       ?_Xbad_alloc@std@@YAXXZ    000000018000ddc8 f   libcpmt:xthrow.obj
 0001:0000cdc8       ?__scrt_throw_std_bad_alloc@@YAXXZ 000000018000ddc8 f   LIBCMT:throw_bad_alloc.obj
 0001:0000cde8       ?_Xlength_error@std@@YAXPEBD@Z 000000018000dde8 f   libcpmt:xthrow.obj
 0001:0000ce0c       ?_Xout_of_range@std@@YAXPEBD@Z 000000018000de0c f   libcpmt:xthrow.obj
 0001:0000ce30       ?what@exception@std@@UEBAPEBDXZ 000000018000de30 f i libcpmt:xthrow.obj
 0001:0000ce44       _Stollx                    000000018000de44 f   libcpmt:xstoll.obj
 0001:0000cf3c       _Stolx                     000000018000df3c f   libcpmt:xstol.obj
 0001:0000d024       _Stoulx                    000000018000e024 f   libcpmt:xstoul.obj
 0001:0000d200       ??0_Init_locks@std@@QEAA@XZ 000000018000e200 f   libcpmt:xlock.obj
 0001:0000d24c       ??0_Lockit@std@@QEAA@H@Z   000000018000e24c f   libcpmt:xlock.obj
 0001:0000d288       ??1_Init_locks@std@@QEAA@XZ 000000018000e288 f   libcpmt:xlock.obj
 0001:0000d2cc       ??1_Lockit@std@@QEAA@XZ    000000018000e2cc f   libcpmt:xlock.obj
 0001:0000d300       ?_Execute_once@std@@YAHAEAUonce_flag@1@P6AHPEAX1PEAPEAX@Z1@Z 000000018000e300 f   libcpmt:xonce.obj
 0001:0000d308       ??4?$_Yarn@D@std@@QEAAAEAV01@PEBD@Z 000000018000e308 f i libcpmt:locale0.obj
 0001:0000d380       ??_G_Fac_node@std@@QEAAPEAXI@Z 000000018000e380 f i libcpmt:locale0.obj
 0001:0000d40c       ??_E_Locimp@locale@std@@MEAAPEAXI@Z 000000018000e40c f i libcpmt:locale0.obj
 0001:0000d40c       ??_G_Locimp@locale@std@@MEAAPEAXI@Z 000000018000e40c f i libcpmt:locale0.obj
 0001:0000d478       ?_Facet_Register@std@@YAXPEAV_Facet_base@1@@Z 000000018000e478 f   libcpmt:locale0.obj
 0001:0000d4b0       ?_Getgloballocale@locale@std@@CAPEAV_Locimp@12@XZ 000000018000e4b0 f   libcpmt:locale0.obj
 0001:0000d4b8       ?_Init@locale@std@@CAPEAV_Locimp@12@_N@Z 000000018000e4b8 f   libcpmt:locale0.obj
 0001:0000d590       ?_Locimp_dtor@_Locimp@locale@std@@CAXPEAV123@@Z 000000018000e590 f   libcpmt:locale0.obj
 0001:0000d638       ?_Locinfo_ctor@_Locinfo@std@@SAXPEAV12@PEBD@Z 000000018000e638 f   libcpmt:locale0.obj
 0001:0000d6a4       ?_Locinfo_dtor@_Locinfo@std@@SAXPEAV12@@Z 000000018000e6a4 f   libcpmt:locale0.obj
 0001:0000d6c0       ?_New_Locimp@_Locimp@locale@std@@CAPEAV123@_N@Z 000000018000e6c0 f   libcpmt:locale0.obj
 0001:0000d730       _Deletegloballocale        000000018000e730 f   libcpmt:locale0.obj
 0001:0000d7b8       ?_Ios_base_dtor@ios_base@std@@CAXPEAV12@@Z 000000018000e7b8 f   libcpmt:ios.obj
 0001:0000d7fc       ?_Tidy@ios_base@std@@AEAAXXZ 000000018000e7fc f i libcpmt:ios.obj
 0001:0000d88c       ??$_Xfiopen@D@std@@YAPEAU_iobuf@@PEBDHH@Z 000000018000e88c f i libcpmt:fiopen.obj
 0001:0000d994       ?_Fiopen@std@@YAPEAU_iobuf@@PEBDHH@Z 000000018000e994 f   libcpmt:fiopen.obj
 0001:0000d99c       ?_Syserror_map@std@@YAPEBDH@Z 000000018000e99c f   libcpmt:syserror.obj
 0001:0000d9c4       _Stoullx                   000000018000e9c4 f   libcpmt:xstoull.obj
 0001:0000db94       _Getctype                  000000018000eb94 f   libcpmt:_tolower.obj
 0001:0000dc5c       _Tolower                   000000018000ec5c f   libcpmt:_tolower.obj
 0001:0000dd8c       _Getcvt                    000000018000ed8c f   libcpmt:xwctomb.obj
 0001:0000de18       _Toupper                   000000018000ee18 f   libcpmt:_toupper.obj
 0001:0000df58       _Mtxdst                    000000018000ef58 f   libcpmt:xmtx.obj
 0001:0000df60       _Mtxinit                   000000018000ef60 f   libcpmt:xmtx.obj
 0001:0000df70       _Mtxlock                   000000018000ef70 f   libcpmt:xmtx.obj
 0001:0000df78       _Mtxunlock                 000000018000ef78 f   libcpmt:xmtx.obj
 0001:0000e450       __crtInitOnceExecuteOnce   000000018000f450 f   libcpmt:winapisupp.obj
 0001:0000e52c       __crtInitializeCriticalSectionEx 000000018000f52c f   libcpmt:winapisupp.obj
 0001:0000e58c       ?_Atexit@@YAXP6AXXZ@Z      000000018000f58c f   libcpmt:iosptrs.obj
 0001:0000e5cc       __crtLCMapStringA          000000018000f5cc f   libcpmt:StlLCMapStringA.obj
 0001:0000e880       GetTableIndexFromLocaleName 000000018000f880 f   libcpmt:winapinls.obj
 0001:0000e910       __crtDownlevelLocaleNameToLCID 000000018000f910 f   libcpmt:winapinls.obj
 0001:0000e944       __crtLCMapStringEx         000000018000f944 f   libcpmt:winapinls.obj
 0001:0000ea00       __wcsnicmp_ascii           000000018000fa00 f   libcpmt:winapinls.obj
 0001:0000ea80       __security_check_cookie    000000018000fa80 f   LIBCMT:_amdsecgs_.obj
 0001:0000eaa4       ??2@YAPEAX_K@Z             000000018000faa4 f   LIBCMT:new_scalar.obj
 0001:0000eae0       ??_V@YAXPEAX@Z             000000018000fae0 f   LIBCMT:delete_array.obj
 0001:0000eae0       ??3@YAXPEAX_K@Z            000000018000fae0 f   LIBCMT:delete_scalar_size.obj
 0001:0000eae8       ??_U@YAPEAX_K@Z            000000018000fae8 f   LIBCMT:new_array.obj
 0001:0000ee34       _DllMainCRTStartup         000000018000fe34 f   LIBCMT:dll_dllmain.obj
 0001:0000ee74       ??_Gtype_info@@UEAAPEAXI@Z 000000018000fe74 f i LIBCMT:std_type_info_static.obj
 0001:0000ee74       ??_Etype_info@@UEAAPEAXI@Z 000000018000fe74 f i LIBCMT:std_type_info_static.obj
 0001:0000eea0       __scrt_acquire_startup_lock 000000018000fea0 f   LIBCMT:utility.obj
 0001:0000eedc       __scrt_dllmain_after_initialize_c 000000018000fedc f   LIBCMT:utility.obj
 0001:0000ef10       __scrt_dllmain_before_initialize_c 000000018000ff10 f   LIBCMT:utility.obj
 0001:0000ef28       __scrt_dllmain_crt_thread_attach 000000018000ff28 f   LIBCMT:utility.obj
 0001:0000ef50       __scrt_dllmain_crt_thread_detach 000000018000ff50 f   LIBCMT:utility.obj
 0001:0000ef68       __scrt_dllmain_exception_filter 000000018000ff68 f   LIBCMT:utility.obj
 0001:0000efcc       __scrt_dllmain_uninitialize_c 000000018000ffcc f   LIBCMT:utility.obj
 0001:0000effc       __scrt_dllmain_uninitialize_critical 000000018000fffc f   LIBCMT:utility.obj
 0001:0000f010       __scrt_initialize_crt      0000000180010010 f   LIBCMT:utility.obj
 0001:0000f05c       __scrt_initialize_onexit_tables 000000018001005c f   LIBCMT:utility.obj
 0001:0000f13c       __scrt_is_nonwritable_in_current_image 000000018001013c f   LIBCMT:utility.obj
 0001:0000f1d8       __scrt_release_startup_lock 00000001800101d8 f   LIBCMT:utility.obj
 0001:0000f1fc       __scrt_uninitialize_crt    00000001800101fc f   LIBCMT:utility.obj
 0001:0000f228       _onexit                    0000000180010228 f   LIBCMT:utility.obj
 0001:0000f278       atexit                     0000000180010278 f   LIBCMT:utility.obj
 0001:0000f290       __GSHandlerCheck           0000000180010290 f   LIBCMT:_gshandler_.obj
 0001:0000f2b0       __GSHandlerCheckCommon     00000001800102b0 f   LIBCMT:_gshandler_.obj
 0001:0000f30c       _guard_check_icall         000000018001030c f i LIBCMT:checkcfg.obj
 0001:0000f330       __chkstk                   0000000180010330 f   LIBCMT:_chkstk_.obj
 0001:0000f330       _alloca_probe              0000000180010330 f   LIBCMT:_chkstk_.obj
 0001:0000f384       __raise_securityfailure    0000000180010384 f   LIBCMT:gs_report.obj
 0001:0000f3b8       __report_gsfailure         00000001800103b8 f   LIBCMT:gs_report.obj
 0001:0000f48c       __report_rangecheckfailure 000000018001048c f   LIBCMT:gs_report.obj
 0001:0000f4a0       __report_securityfailure   00000001800104a0 f   LIBCMT:gs_report.obj
 0001:0000f620       ??0bad_array_new_length@std@@QEAA@AEBV01@@Z 0000000180010620 f i LIBCMT:throw_bad_alloc.obj
 0001:0000f660       ??0bad_array_new_length@std@@QEAA@XZ 0000000180010660 f i LIBCMT:throw_bad_alloc.obj
 0001:0000f680       ?__scrt_throw_std_bad_array_new_length@@YAXXZ 0000000180010680 f   LIBCMT:throw_bad_alloc.obj
 0001:0000f6a0       ??3@YAXPEAX@Z              00000001800106a0 f   LIBCMT:delete_scalar.obj
 0001:0000f6a8       __security_init_cookie     00000001800106a8 f   LIBCMT:gs_support.obj
 0001:0000f758       ?__scrt_initialize_type_info@@YAXXZ 0000000180010758 f   LIBCMT:tncleanup.obj
 0001:0000f768       ?__scrt_uninitialize_type_info@@YAXXZ 0000000180010768 f   LIBCMT:tncleanup.obj
 0001:0000f774       __local_stdio_scanf_options 0000000180010774 f i LIBCMT:default_local_stdio_options.obj
 0001:0000f77c       __scrt_initialize_default_local_stdio_options 000000018001077c f   LIBCMT:default_local_stdio_options.obj
 0001:0000f798       __scrt_get_dyn_tls_init_callback 0000000180010798 f   LIBCMT:dyn_tls_init.obj
 0001:0000f7a0       __crt_debugger_hook        00000001800107a0 f   LIBCMT:utility_desktop.obj
 0001:0000f7a8       __scrt_fastfail            00000001800107a8 f   LIBCMT:utility_desktop.obj
 0001:0000f8f4       _RTC_Initialize            00000001800108f4 f   LIBCMT:_initsect_.obj
 0001:0000f940       _RTC_Terminate             0000000180010940 f   LIBCMT:_initsect_.obj
 0001:0000f98c       __isa_available_init       000000018001098c f   LIBCMT:_cpu_disp_.obj
 0001:0000fb48       __scrt_is_ucrt_dll_in_use  0000000180010b48 f   LIBCMT:ucrt_detection.obj
 0001:0000fb70       memmove                    0000000180010b70 f   libvcruntime:memcpy.obj
 0001:0000fb70       memcpy                     0000000180010b70 f   libvcruntime:memcpy.obj
 0001:0000ffb8       _purecall                  0000000180010fb8 f   libvcruntime:purevirt.obj
 0001:0000fff0       __std_exception_copy       0000000180010ff0 f   libvcruntime:std_exception.obj
 0001:00010080       __std_exception_destroy    0000000180011080 f   libvcruntime:std_exception.obj
 0001:000100a8       _CxxThrowException         00000001800110a8 f   libvcruntime:throw.obj
 0001:00010190       memchr                     0000000180011190 f   libvcruntime:memchr.obj
 0001:00010200       ?_ExecutionInCatch@@YAHPEAU_xDISPATCHER_CONTEXT@@PEBU_s_FuncInfo@@@Z 0000000180011200 f   libvcruntime:risctrnsctrl.obj
 0001:00010274       ?_GetEstablisherFrame@@YAPEA_KPEA_KPEAU_xDISPATCHER_CONTEXT@@PEBU_s_FuncInfo@@0@Z 0000000180011274 f   libvcruntime:risctrnsctrl.obj
 0001:00010340       ?_GetRangeOfTrysToCheck@@YAPEBU_s_TryBlockMapEntry@@PEA_KPEBU_s_FuncInfo@@HHPEAI2PEAU_xDISPATCHER_CONTEXT@@@Z 0000000180011340 f   libvcruntime:risctrnsctrl.obj
 0001:0001046c       ?__FrameUnwindToEmptyState@@YAXPEA_KPEAU_xDISPATCHER_CONTEXT@@PEBU_s_FuncInfo@@@Z 000000018001146c f   libvcruntime:risctrnsctrl.obj
 0001:00010500       _CallSETranslator          0000000180011500 f   libvcruntime:risctrnsctrl.obj
 0001:00010558       _CreateFrameInfo           0000000180011558 f   libvcruntime:risctrnsctrl.obj
 0001:00010594       _FindAndUnlinkFrame        0000000180011594 f   libvcruntime:risctrnsctrl.obj
 0001:000105f0       _GetImageBase              00000001800115f0 f   libvcruntime:risctrnsctrl.obj
 0001:00010604       _GetThrowImageBase         0000000180011604 f   libvcruntime:risctrnsctrl.obj
 0001:00010618       _SetImageBase              0000000180011618 f   libvcruntime:risctrnsctrl.obj
 0001:00010630       _SetThrowImageBase         0000000180011630 f   libvcruntime:risctrnsctrl.obj
 0001:00010648       _UnwindNestedFrames        0000000180011648 f   libvcruntime:risctrnsctrl.obj
 0001:0001076c       __CxxFrameHandler3         000000018001176c f   libvcruntime:risctrnsctrl.obj
 0001:00010800       memset                     0000000180011800 f   libvcruntime:memset.obj
 0001:000109b0       __DestructExceptionObject  00000001800119b0 f   libvcruntime:ehhelpers.obj
 0001:00010a34       ?_CallMemberFunction0@@YAXQEAX0@Z 0000000180011a34 f i libvcruntime:ehhelpers.obj
 0001:00010a38       _IsExceptionObjectToBeDestroyed 0000000180011a38 f   libvcruntime:ehhelpers.obj
 0001:00010a68       __AdjustPointer            0000000180011a68 f   libvcruntime:ehhelpers.obj
 0001:00010a8c       __FrameUnwindFilter        0000000180011a8c f   libvcruntime:ehhelpers.obj
 0001:00010ad8       __std_terminate            0000000180011ad8 f   libvcruntime:ehhelpers.obj
 0001:00010b00       memcmp                     0000000180011b00 f   libvcruntime:memcmp.obj
 0001:00010bc8       __C_specific_handler       0000000180011bc8 f   libvcruntime:_riscchandler_.obj
 0001:00010dd4       __vcrt_initialize          0000000180011dd4 f   libvcruntime:initialization.obj
 0001:00010e08       __vcrt_thread_attach       0000000180011e08 f   libvcruntime:initialization.obj
 0001:00010e1c       __vcrt_thread_detach       0000000180011e1c f   libvcruntime:initialization.obj
 0001:00010e30       __vcrt_uninitialize        0000000180011e30 f   libvcruntime:initialization.obj
 0001:00010e50       __vcrt_uninitialize_critical 0000000180011e50 f   libvcruntime:initialization.obj
 0001:00010e60       __std_type_info_compare    0000000180011e60 f   libvcruntime:std_type_info.obj
 0001:00010e88       __std_type_info_destroy_list 0000000180011e88 f   libvcruntime:std_type_info.obj
 0001:00010eb4       __vcrt_initialize_pure_virtual_call_handler 0000000180011eb4 f   libvcruntime:purevirt_data.obj
 0001:00010ed8       __vcrt_freefls             0000000180011ed8 f   libvcruntime:per_thread_data.obj
 0001:00010ef8       __vcrt_freeptd             0000000180011ef8 f   libvcruntime:per_thread_data.obj
 0001:00010f48       __vcrt_getptd              0000000180011f48 f   libvcruntime:per_thread_data.obj
 0001:00010f64       __vcrt_getptd_noexit       0000000180011f64 f   libvcruntime:per_thread_data.obj
 0001:0001101c       __vcrt_initialize_ptd      000000018001201c f   libvcruntime:per_thread_data.obj
 0001:00011070       __vcrt_uninitialize_ptd    0000000180012070 f   libvcruntime:per_thread_data.obj
 0001:00011094       ?__GetCurrentState@@YAHPEA_KPEAU_xDISPATCHER_CONTEXT@@PEBU_s_FuncInfo@@@Z 0000000180012094 f   libvcruntime:riscehstate.obj
 0001:000110bc       ?__GetUnwindTryBlock@@YAHPEA_KPEAU_xDISPATCHER_CONTEXT@@PEBU_s_FuncInfo@@@Z 00000001800120bc f   libvcruntime:riscehstate.obj
 0001:000110e8       ?__SetState@@YAXPEA_KPEAU_xDISPATCHER_CONTEXT@@PEBU_s_FuncInfo@@H@Z 00000001800120e8 f   libvcruntime:riscehstate.obj
 0001:000110f4       ?__SetUnwindTryBlock@@YAXPEA_KPEAU_xDISPATCHER_CONTEXT@@PEBU_s_FuncInfo@@H@Z 00000001800120f4 f   libvcruntime:riscehstate.obj
 0001:00011130       ?__StateFromControlPc@@YAHPEBU_s_FuncInfo@@PEAU_xDISPATCHER_CONTEXT@@@Z 0000000180012130 f   libvcruntime:riscehstate.obj
 0001:00011138       ?__StateFromIp@@YAHPEBU_s_FuncInfo@@PEAU_xDISPATCHER_CONTEXT@@_K@Z 0000000180012138 f   libvcruntime:riscehstate.obj
 0001:000111a4       ??0bad_exception@std@@QEAA@AEBV01@@Z 00000001800121a4 f i libvcruntime:frame.obj
 0001:000111e4       ??0bad_exception@std@@QEAA@XZ 00000001800121e4 f i libvcruntime:frame.obj
 0001:00011b4c       ?_CallMemberFunction1@@YAXQEAX00@Z 0000000180012b4c f i libvcruntime:frame.obj
 0001:00011b58       ?_CallMemberFunction2@@YAXQEAX00H@Z 0000000180012b58 f i libvcruntime:frame.obj
 0001:00011b68       __BuildCatchObject         0000000180012b68 f   libvcruntime:frame.obj
 0001:00011c2c       __BuildCatchObjectHelper   0000000180012c2c f   libvcruntime:frame.obj
 0001:00011e30       __CxxCallCatchBlock        0000000180012e30 f   libvcruntime:frame.obj
 0001:0001201c       __FrameUnwindToState       000000018001301c f   libvcruntime:frame.obj
 0001:000121b0       __InternalCxxFrameHandler  00000001800131b0 f   libvcruntime:frame.obj
 0001:00012400       __TypeMatch                0000000180013400 f   libvcruntime:frame.obj
 0001:00012560       _local_unwind              0000000180013560 f   libvcruntime:_jmpuwind_.obj
 0001:00012590       _NLG_Notify                0000000180013590 f   libvcruntime:_jmpuwind_.obj
 0001:000125b0       __NLG_Dispatch2            00000001800135b0 f   libvcruntime:_jmpuwind_.obj
 0001:000125c0       __NLG_Return2              00000001800135c0 f   libvcruntime:_jmpuwind_.obj
 0001:000125c4       __except_validate_context_record 00000001800135c4 f   libvcruntime:jbcxrval.obj
 0001:000125fc       __vcrt_initialize_locks    00000001800135fc f   libvcruntime:locks.obj
 0001:00012644       __vcrt_uninitialize_locks  0000000180013644 f   libvcruntime:locks.obj
 0001:00012854       __vcrt_FlsAlloc            0000000180013854 f   libvcruntime:winapi_downlevel.obj
 0001:000128a8       __vcrt_FlsFree             00000001800138a8 f   libvcruntime:winapi_downlevel.obj
 0001:000128fc       __vcrt_FlsGetValue         00000001800138fc f   libvcruntime:winapi_downlevel.obj
 0001:00012950       __vcrt_FlsSetValue         0000000180013950 f   libvcruntime:winapi_downlevel.obj
 0001:000129b8       __vcrt_InitializeCriticalSectionEx 00000001800139b8 f   libvcruntime:winapi_downlevel.obj
 0001:00012a30       __vcrt_initialize_winapi_thunks 0000000180013a30 f   libvcruntime:winapi_downlevel.obj
 0001:00012a74       __vcrt_uninitialize_winapi_thunks 0000000180013a74 f   libvcruntime:winapi_downlevel.obj
 0001:00012ad0       _CallSettingFrame          0000000180013ad0 f   libvcruntime:handlers.obj
 0001:00012b10       free                       0000000180013b10 f   libucrt:free.obj
 0001:000134f8       ??$ftprintf@PEAU_iobuf@@PEB_WAEBQEB_WAEBQEB_WAEBI@?$__crt_char_traits@_W@@SAH$$QEAPEAU_iobuf@@$$QEAPEB_WAEBQEB_W2AEBI@Z 00000001800144f8 f i libucrt:assert.obj
 0001:00013520       _wassert                   0000000180014520 f   libucrt:assert.obj
 0001:000135a4       fwprintf                   00000001800145a4 f i libucrt:assert.obj
 0001:000135e8       swprintf                   00000001800145e8 f i libucrt:assert.obj
 0001:0001363c       __acrt_call_reportfault    000000018001463c f   libucrt:invalid_parameter.obj
 0001:00013798       __acrt_initialize_invalid_parameter_handler 0000000180014798 f   libucrt:invalid_parameter.obj
 0001:000137a0       _invalid_parameter         00000001800147a0 f   libucrt:invalid_parameter.obj
 0001:00013850       _invalid_parameter_noinfo  0000000180014850 f   libucrt:invalid_parameter.obj
 0001:00013870       _invalid_parameter_noinfo_noreturn 0000000180014870 f   libucrt:invalid_parameter.obj
 0001:000138a0       _invoke_watson             00000001800148a0 f   libucrt:invalid_parameter.obj
 0001:000138e8       malloc                     00000001800148e8 f   libucrt:malloc.obj
 0001:000138f0       abort                      00000001800148f0 f   libucrt:abort.obj
 0001:00013948       _fputc_nolock              0000000180014948 f   libucrt:fputc.obj
 0001:00013960       fputc                      0000000180014960 f   libucrt:fputc.obj
 0001:00013a78       calloc                     0000000180014a78 f   libucrt:calloc.obj
 0001:00013bd0       ??$parse_floating_point@V?$c_string_character_source@D@__crt_strtox@@M@__crt_strtox@@YA?AW4SLD_STATUS@@QEAU__crt_locale_pointers@@V?$c_string_character_source@D@0@QEAM@Z 0000000180014bd0 f i libucrt:strtod.obj
 0001:00013c70       ??$parse_floating_point@V?$c_string_character_source@D@__crt_strtox@@N@__crt_strtox@@YA?AW4SLD_STATUS@@QEAU__crt_locale_pointers@@V?$c_string_character_source@D@0@QEAN@Z 0000000180014c70 f i libucrt:strtod.obj
 0001:00013d10       ??$parse_floating_point_from_source@V?$c_string_character_source@D@__crt_strtox@@@__crt_strtox@@YA?AW4floating_point_parse_result@0@QEAU__crt_locale_pointers@@AEAV?$c_string_character_source@D@0@AEAUfloating_point_string@0@@Z 0000000180014d10 f i libucrt:strtod.obj
 0001:000141b4       ??$parse_floating_point_possible_infinity@DV?$c_string_character_source@D@__crt_strtox@@PEBD@__crt_strtox@@YA?AW4floating_point_parse_result@0@AEADAEAV?$c_string_character_source@D@0@PEBD@Z 00000001800151b4 f i libucrt:strtod.obj
 0001:000142f4       ??$parse_floating_point_possible_nan@DV?$c_string_character_source@D@__crt_strtox@@PEBD@__crt_strtox@@YA?AW4floating_point_parse_result@0@AEADAEAV?$c_string_character_source@D@0@PEBD@Z 00000001800152f4 f i libucrt:strtod.obj
 0001:000144b8       ??$parse_floating_point_possible_nan_is_ind@DV?$c_string_character_source@D@__crt_strtox@@@__crt_strtox@@YA_NAEADAEAV?$c_string_character_source@D@0@@Z 00000001800154b8 f i libucrt:strtod.obj
 0001:00014500       ??$parse_floating_point_possible_nan_is_snan@DV?$c_string_character_source@D@__crt_strtox@@@__crt_strtox@@YA_NAEADAEAV?$c_string_character_source@D@0@@Z 0000000180015500 f i libucrt:strtod.obj
 0001:00014548       ??$parse_floating_point_write_result@M@__crt_strtox@@YA?AW4SLD_STATUS@@W4floating_point_parse_result@0@AEBUfloating_point_string@0@QEAM@Z 0000000180015548 f i libucrt:strtod.obj
 0001:00014660       ??$parse_floating_point_write_result@N@__crt_strtox@@YA?AW4SLD_STATUS@@W4floating_point_parse_result@0@AEBUfloating_point_string@0@QEAN@Z 0000000180015660 f i libucrt:strtod.obj
 0001:00014788       ??0_LocaleUpdate@@QEAA@QEAU__crt_locale_pointers@@@Z 0000000180015788 f i libucrt:strtod.obj
 0001:00014818       ?as_double@floating_point_value@__crt_strtox@@QEBAAEANXZ 0000000180015818 f i libucrt:strtod.obj
 0001:00014854       ?as_float@floating_point_value@__crt_strtox@@QEBAAEAMXZ 0000000180015854 f i libucrt:strtod.obj
 0001:00014890       ?assemble_floating_point_value@__crt_strtox@@YA?AW4SLD_STATUS@@_KH_N1AEBVfloating_point_value@1@@Z 0000000180015890 f i libucrt:strtod.obj
 0001:00014c44       ?assemble_floating_point_value_from_big_integer@__crt_strtox@@YA?AW4SLD_STATUS@@AEBUbig_integer@1@I_N1AEBVfloating_point_value@1@@Z 0000000180015c44 f i libucrt:strtod.obj
 0001:00014dc4       ?convert_decimal_string_to_floating_type_common@__crt_strtox@@YA?AW4SLD_STATUS@@AEBUfloating_point_string@1@AEBVfloating_point_value@1@@Z 0000000180015dc4 f i libucrt:strtod.obj
 0001:00016bb4       ?convert_hexadecimal_string_to_floating_type_common@__crt_strtox@@YA?AW4SLD_STATUS@@AEBUfloating_point_string@1@AEBVfloating_point_value@1@@Z 0000000180017bb4 f i libucrt:strtod.obj
 0001:00016c60       ?divide@__crt_strtox@@YA_KAEAUbig_integer@1@AEBU21@@Z 0000000180017c60 f i libucrt:strtod.obj
 0001:000170f4       strtod                     00000001800180f4 f   libucrt:strtod.obj
 0001:000170fc       strtof                     00000001800180fc f   libucrt:strtod.obj
 0001:00017328       __acrt_stdio_flush_nolock  0000000180018328 f   libucrt:fflush.obj
 0001:000173a4       _fflush_nolock             00000001800183a4 f   libucrt:fflush.obj
 0001:000173f0       _flushall                  00000001800183f0 f   libucrt:fflush.obj
 0001:000173f8       fflush                     00000001800183f8 f   libucrt:fflush.obj
 0001:00017460       _fclose_nolock             0000000180018460 f   libucrt:fclose.obj
 0001:000174e4       fclose                     00000001800184e4 f   libucrt:fclose.obj
 0001:000175f0       strcspn                    00000001800185f0 f   libucrt:strcspn.obj
 0001:00017d94       ??$ensure_buffer_is_big_enough@D@formatting_buffer@__crt_stdio_output@@QEAA_N_K@Z 0000000180018d94 f i libucrt:output.obj
 0001:00017e3c       ??$ensure_buffer_is_big_enough@_W@formatting_buffer@__crt_stdio_output@@QEAA_N_K@Z 0000000180018e3c f i libucrt:output.obj
 0001:00017ee8       ??$is_wide_character_specifier@_W@__crt_stdio_output@@YA_N_K_WW4length_modifier@0@@Z 0000000180018ee8 f i libucrt:output.obj
 0001:00017f28       ??$type_case_integer_parse_into_buffer@I@?$output_processor@DV?$string_output_adapter@D@__crt_stdio_output@@V?$format_validation_base@DV?$string_output_adapter@D@__crt_stdio_output@@@2@@__crt_stdio_output@@AEAAXII_N@Z 0000000180018f28 f i libucrt:output.obj
 0001:00017fb0       ??$type_case_integer_parse_into_buffer@I@?$output_processor@_WV?$stream_output_adapter@_W@__crt_stdio_output@@V?$standard_base@_WV?$stream_output_adapter@_W@__crt_stdio_output@@@2@@__crt_stdio_output@@AEAAXII_N@Z 0000000180018fb0 f i libucrt:output.obj
 0001:00017fb0       ??$type_case_integer_parse_into_buffer@I@?$output_processor@_WV?$string_output_adapter@_W@__crt_stdio_output@@V?$standard_base@_WV?$string_output_adapter@_W@__crt_stdio_output@@@2@@__crt_stdio_output@@AEAAXII_N@Z 0000000180018fb0 f i libucrt:output.obj
 0001:0001804c       ??$type_case_integer_parse_into_buffer@_K@?$output_processor@DV?$string_output_adapter@D@__crt_stdio_output@@V?$format_validation_base@DV?$string_output_adapter@D@__crt_stdio_output@@@2@@__crt_stdio_output@@AEAAX_KI_N@Z 000000018001904c f i libucrt:output.obj
 0001:000180dc       ??$type_case_integer_parse_into_buffer@_K@?$output_processor@_WV?$stream_output_adapter@_W@__crt_stdio_output@@V?$standard_base@_WV?$stream_output_adapter@_W@__crt_stdio_output@@@2@@__crt_stdio_output@@AEAAX_KI_N@Z 00000001800190dc f i libucrt:output.obj
 0001:000180dc       ??$type_case_integer_parse_into_buffer@_K@?$output_processor@_WV?$string_output_adapter@_W@__crt_stdio_output@@V?$standard_base@_WV?$string_output_adapter@_W@__crt_stdio_output@@@2@@__crt_stdio_output@@AEAAX_KI_N@Z 00000001800190dc f i libucrt:output.obj
 0001:0001817c       ??$write_multiple_characters@V?$stream_output_adapter@_W@__crt_stdio_output@@D@__crt_stdio_output@@YAXAEBV?$stream_output_adapter@_W@0@DHQEAH@Z 000000018001917c f i libucrt:output.obj
 0001:00018208       ??$write_multiple_characters@V?$string_output_adapter@D@__crt_stdio_output@@D@__crt_stdio_output@@YAXAEBV?$string_output_adapter@D@0@DHQEAH@Z 0000000180019208 f i libucrt:output.obj
 0001:00018264       ??$write_multiple_characters@V?$string_output_adapter@_W@__crt_stdio_output@@D@__crt_stdio_output@@YAXAEBV?$string_output_adapter@_W@0@DHQEAH@Z 0000000180019264 f i libucrt:output.obj
 0001:00018408       ?force_decimal_point@__crt_stdio_output@@YAXPEADQEAU__crt_locale_pointers@@@Z 0000000180019408 f i libucrt:output.obj
 0001:00018478       ?parse_int_from_format_string@?$output_processor@DV?$string_output_adapter@D@__crt_stdio_output@@V?$format_validation_base@DV?$string_output_adapter@D@__crt_stdio_output@@@2@@__crt_stdio_output@@AEAA_NQEAH@Z 0000000180019478 f i libucrt:output.obj
 0001:0001851c       ?parse_int_from_format_string@?$output_processor@_WV?$string_output_adapter@_W@__crt_stdio_output@@V?$standard_base@_WV?$string_output_adapter@_W@__crt_stdio_output@@@2@@__crt_stdio_output@@AEAA_NQEAH@Z 000000018001951c f i libucrt:output.obj
 0001:0001851c       ?parse_int_from_format_string@?$output_processor@_WV?$stream_output_adapter@_W@__crt_stdio_output@@V?$standard_base@_WV?$stream_output_adapter@_W@__crt_stdio_output@@@2@@__crt_stdio_output@@AEAA_NQEAH@Z 000000018001951c f i libucrt:output.obj
 0001:000185c0       ?process@?$output_processor@DV?$string_output_adapter@D@__crt_stdio_output@@V?$format_validation_base@DV?$string_output_adapter@D@__crt_stdio_output@@@2@@__crt_stdio_output@@QEAAHXZ 00000001800195c0 f i libucrt:output.obj
 0001:000187dc       ?process@?$output_processor@_WV?$stream_output_adapter@_W@__crt_stdio_output@@V?$standard_base@_WV?$stream_output_adapter@_W@__crt_stdio_output@@@2@@__crt_stdio_output@@QEAAHXZ 00000001800197dc f i libucrt:output.obj
 0001:00018a4c       ?process@?$output_processor@_WV?$string_output_adapter@_W@__crt_stdio_output@@V?$standard_base@_WV?$string_output_adapter@_W@__crt_stdio_output@@@2@@__crt_stdio_output@@QEAAHXZ 0000000180019a4c f i libucrt:output.obj
 0001:00018cb4       ?state_case_normal@?$output_processor@DV?$string_output_adapter@D@__crt_stdio_output@@V?$format_validation_base@DV?$string_output_adapter@D@__crt_stdio_output@@@2@@__crt_stdio_output@@AEAA_NXZ 0000000180019cb4 f i libucrt:output.obj
 0001:00018d28       ?state_case_normal_tchar@?$output_processor@DV?$string_output_adapter@D@__crt_stdio_output@@V?$format_validation_base@DV?$string_output_adapter@D@__crt_stdio_output@@@2@@__crt_stdio_output@@AEAA_ND@Z 0000000180019d28 f i libucrt:output.obj
 0001:00018dc0       ?state_case_size@?$output_processor@DV?$string_output_adapter@D@__crt_stdio_output@@V?$format_validation_base@DV?$string_output_adapter@D@__crt_stdio_output@@@2@@__crt_stdio_output@@AEAA_NXZ 0000000180019dc0 f i libucrt:output.obj
 0001:00018f3c       ?state_case_size@?$output_processor@_WV?$stream_output_adapter@_W@__crt_stdio_output@@V?$standard_base@_WV?$stream_output_adapter@_W@__crt_stdio_output@@@2@@__crt_stdio_output@@AEAA_NXZ 0000000180019f3c f i libucrt:output.obj
 0001:000190e0       ?state_case_size@?$output_processor@_WV?$string_output_adapter@_W@__crt_stdio_output@@V?$standard_base@_WV?$string_output_adapter@_W@__crt_stdio_output@@@2@@__crt_stdio_output@@AEAA_NXZ 000000018001a0e0 f i libucrt:output.obj
 0001:00019284       ?state_case_type@?$output_processor@DV?$string_output_adapter@D@__crt_stdio_output@@V?$format_validation_base@DV?$string_output_adapter@D@__crt_stdio_output@@@2@@__crt_stdio_output@@AEAA_NXZ 000000018001a284 f i libucrt:output.obj
 0001:000194f8       ?state_case_type@?$output_processor@_WV?$stream_output_adapter@_W@__crt_stdio_output@@V?$standard_base@_WV?$stream_output_adapter@_W@__crt_stdio_output@@@2@@__crt_stdio_output@@AEAA_NXZ 000000018001a4f8 f i libucrt:output.obj
 0001:000197e4       ?state_case_type@?$output_processor@_WV?$string_output_adapter@_W@__crt_stdio_output@@V?$standard_base@_WV?$string_output_adapter@_W@__crt_stdio_output@@@2@@__crt_stdio_output@@AEAA_NXZ 000000018001a7e4 f i libucrt:output.obj
 0001:00019ac0       ?type_case_Z@?$output_processor@DV?$string_output_adapter@D@__crt_stdio_output@@V?$format_validation_base@DV?$string_output_adapter@D@__crt_stdio_output@@@2@@__crt_stdio_output@@AEAA_NXZ 000000018001aac0 f i libucrt:output.obj
 0001:00019b40       ?type_case_Z@?$output_processor@_WV?$string_output_adapter@_W@__crt_stdio_output@@V?$standard_base@_WV?$string_output_adapter@_W@__crt_stdio_output@@@2@@__crt_stdio_output@@AEAA_NXZ 000000018001ab40 f i libucrt:output.obj
 0001:00019b40       ?type_case_Z@?$output_processor@_WV?$stream_output_adapter@_W@__crt_stdio_output@@V?$standard_base@_WV?$stream_output_adapter@_W@__crt_stdio_output@@@2@@__crt_stdio_output@@AEAA_NXZ 000000018001ab40 f i libucrt:output.obj
 0001:00019bc0       ?type_case_a@?$output_processor@DV?$string_output_adapter@D@__crt_stdio_output@@V?$format_validation_base@DV?$string_output_adapter@D@__crt_stdio_output@@@2@@__crt_stdio_output@@AEAA_NXZ 000000018001abc0 f i libucrt:output.obj
 0001:00019dd8       ?type_case_a@?$output_processor@_WV?$string_output_adapter@_W@__crt_stdio_output@@V?$standard_base@_WV?$string_output_adapter@_W@__crt_stdio_output@@@2@@__crt_stdio_output@@AEAA_NXZ 000000018001add8 f i libucrt:output.obj
 0001:00019dd8       ?type_case_a@?$output_processor@_WV?$stream_output_adapter@_W@__crt_stdio_output@@V?$standard_base@_WV?$stream_output_adapter@_W@__crt_stdio_output@@@2@@__crt_stdio_output@@AEAA_NXZ 000000018001add8 f i libucrt:output.obj
 0001:0001a018       ?type_case_c_tchar@?$output_processor@DV?$string_output_adapter@D@__crt_stdio_output@@V?$format_validation_base@DV?$string_output_adapter@D@__crt_stdio_output@@@2@@__crt_stdio_output@@AEAA_ND@Z 000000018001b018 f i libucrt:output.obj
 0001:0001a0e4       ?type_case_c_tchar@?$output_processor@_WV?$string_output_adapter@_W@__crt_stdio_output@@V?$standard_base@_WV?$string_output_adapter@_W@__crt_stdio_output@@@2@@__crt_stdio_output@@AEAA_N_W@Z 000000018001b0e4 f i libucrt:output.obj
 0001:0001a0e4       ?type_case_c_tchar@?$output_processor@_WV?$stream_output_adapter@_W@__crt_stdio_output@@V?$standard_base@_WV?$stream_output_adapter@_W@__crt_stdio_output@@@2@@__crt_stdio_output@@AEAA_N_W@Z 000000018001b0e4 f i libucrt:output.obj
 0001:0001a18c       ?type_case_integer@?$output_processor@DV?$string_output_adapter@D@__crt_stdio_output@@V?$format_validation_base@DV?$string_output_adapter@D@__crt_stdio_output@@@2@@__crt_stdio_output@@AEAA_NI_N@Z 000000018001b18c f i libucrt:output.obj
 0001:0001a350       ?type_case_integer@?$output_processor@_WV?$string_output_adapter@_W@__crt_stdio_output@@V?$standard_base@_WV?$string_output_adapter@_W@__crt_stdio_output@@@2@@__crt_stdio_output@@AEAA_NI_N@Z 000000018001b350 f i libucrt:output.obj
 0001:0001a350       ?type_case_integer@?$output_processor@_WV?$stream_output_adapter@_W@__crt_stdio_output@@V?$standard_base@_WV?$stream_output_adapter@_W@__crt_stdio_output@@@2@@__crt_stdio_output@@AEAA_NI_N@Z 000000018001b350 f i libucrt:output.obj
 0001:0001a51c       ?type_case_n@?$output_processor@DV?$string_output_adapter@D@__crt_stdio_output@@V?$format_validation_base@DV?$string_output_adapter@D@__crt_stdio_output@@@2@@__crt_stdio_output@@AEAA_NXZ 000000018001b51c f i libucrt:output.obj
 0001:0001a51c       ?type_case_n@?$output_processor@_WV?$stream_output_adapter@_W@__crt_stdio_output@@V?$standard_base@_WV?$stream_output_adapter@_W@__crt_stdio_output@@@2@@__crt_stdio_output@@AEAA_NXZ 000000018001b51c f i libucrt:output.obj
 0001:0001a51c       ?type_case_n@?$output_processor@_WV?$string_output_adapter@_W@__crt_stdio_output@@V?$standard_base@_WV?$string_output_adapter@_W@__crt_stdio_output@@@2@@__crt_stdio_output@@AEAA_NXZ 000000018001b51c f i libucrt:output.obj
 0001:0001a5f8       ?type_case_s@?$output_processor@DV?$string_output_adapter@D@__crt_stdio_output@@V?$format_validation_base@DV?$string_output_adapter@D@__crt_stdio_output@@@2@@__crt_stdio_output@@AEAA_NXZ 000000018001b5f8 f i libucrt:output.obj
 0001:0001a694       ?type_case_s@?$output_processor@_WV?$stream_output_adapter@_W@__crt_stdio_output@@V?$standard_base@_WV?$stream_output_adapter@_W@__crt_stdio_output@@@2@@__crt_stdio_output@@AEAA_NXZ 000000018001b694 f i libucrt:output.obj
 0001:0001a694       ?type_case_s@?$output_processor@_WV?$string_output_adapter@_W@__crt_stdio_output@@V?$standard_base@_WV?$string_output_adapter@_W@__crt_stdio_output@@@2@@__crt_stdio_output@@AEAA_NXZ 000000018001b694 f i libucrt:output.obj
 0001:0001a75c       ?write_stored_string_tchar@?$output_processor@DV?$string_output_adapter@D@__crt_stdio_output@@V?$format_validation_base@DV?$string_output_adapter@D@__crt_stdio_output@@@2@@__crt_stdio_output@@AEAA_ND@Z 000000018001b75c f i libucrt:output.obj
 0001:0001a834       ?write_stored_string_tchar@?$output_processor@_WV?$stream_output_adapter@_W@__crt_stdio_output@@V?$standard_base@_WV?$stream_output_adapter@_W@__crt_stdio_output@@@2@@__crt_stdio_output@@AEAA_N_W@Z 000000018001b834 f i libucrt:output.obj
 0001:0001a93c       ?write_stored_string_tchar@?$output_processor@_WV?$string_output_adapter@_W@__crt_stdio_output@@V?$standard_base@_WV?$string_output_adapter@_W@__crt_stdio_output@@@2@@__crt_stdio_output@@AEAA_N_W@Z 000000018001b93c f i libucrt:output.obj
 0001:0001aa2c       ?write_string@?$string_output_adapter@D@__crt_stdio_output@@QEBAXQEBDHQEAHAEAV__crt_deferred_errno_cache@@@Z 000000018001ba2c f i libucrt:output.obj
 0001:0001aad0       ?write_string@?$string_output_adapter@_W@__crt_stdio_output@@QEBAXQEB_WHQEAHAEAV__crt_deferred_errno_cache@@@Z 000000018001bad0 f i libucrt:output.obj
 0001:0001ab78       ?write_string_impl@?$output_adapter_common@_WV?$stream_output_adapter@_W@__crt_stdio_output@@@__crt_stdio_output@@IEBAXQEB_WHQEAHAEAV__crt_deferred_errno_cache@@@Z 000000018001bb78 f i libucrt:output.obj
 0001:0001ac7c       __stdio_common_vfwprintf   000000018001bc7c f   libucrt:output.obj
 0001:0001ad08       __stdio_common_vsprintf_s  000000018001bd08 f   libucrt:output.obj
 0001:0001ad6c       __stdio_common_vswprintf   000000018001bd6c f   libucrt:output.obj
 0001:0001ad74       _fgetc_nolock              000000018001bd74 f   libucrt:fgetc.obj
 0001:0001adb8       fgetc                      000000018001bdb8 f   libucrt:fgetc.obj
 0001:0001aeb4       __acrt_initialize_stdio    000000018001beb4 f   libucrt:_file.obj
 0001:0001afd4       __acrt_iob_func            000000018001bfd4 f   libucrt:_file.obj
 0001:0001afe8       __acrt_uninitialize_stdio  000000018001bfe8 f   libucrt:_file.obj
 0001:0001b044       _get_stream_buffer_pointers 000000018001c044 f   libucrt:_file.obj
 0001:0001b08c       _lock_file                 000000018001c08c f   libucrt:_file.obj
 0001:0001b098       _unlock_file               000000018001c098 f   libucrt:_file.obj
 0001:0001b0a4       localeconv                 000000018001c0a4 f   libucrt:localeconv.obj
 0001:0001b17c       _fwrite_nolock             000000018001c17c f   libucrt:fwrite.obj
 0001:0001b314       fwrite                     000000018001c314 f   libucrt:fwrite.obj
 0001:0001b398       __acrt_errno_from_os_error 000000018001c398 f   libucrt:errno.obj
 0001:0001b3e0       __acrt_errno_map_os_error  000000018001c3e0 f   libucrt:errno.obj
 0001:0001b430       __doserrno                 000000018001c430 f   libucrt:errno.obj
 0001:0001b450       _errno                     000000018001c450 f   libucrt:errno.obj
 0001:0001b470       fgetpos                    000000018001c470 f   libucrt:fgetpos.obj
 0001:0001b5ec       setvbuf                    000000018001c5ec f   libucrt:setvbuf.obj
 0001:0001b688       ldexp                      000000018001c688 f   libucrt:ldexp.obj
 0001:0001b7fc       _ungetc_nolock             000000018001c7fc f   libucrt:ungetc.obj
 0001:0001b90c       ungetc                     000000018001c90c f   libucrt:ungetc.obj
 0001:0001b964       frexp                      000000018001c964 f   libucrt:frexp.obj
 0001:0001ba5c       fsetpos                    000000018001ca5c f   libucrt:fsetpos.obj
 0001:0001bcac       _fseeki64                  000000018001ccac f   libucrt:fseek.obj
 0001:0001bcb4       fseek                      000000018001ccb4 f   libucrt:fseek.obj
 0001:0001bcbc       __ascii_stricmp            000000018001ccbc f   libucrt:stricmp.obj
 0001:0001bcfc       _stricmp                   000000018001ccfc f   libucrt:stricmp.obj
 0001:0001bd44       _stricmp_l                 000000018001cd44 f   libucrt:stricmp.obj
 0001:0001bdf8       isdigit                    000000018001cdf8 f i libucrt:_ctype.obj
 0001:0001be6c       islower                    000000018001ce6c f i libucrt:_ctype.obj
 0001:0001bee0       isspace                    000000018001cee0 f i libucrt:_ctype.obj
 0001:0001bf54       isupper                    000000018001cf54 f i libucrt:_ctype.obj
 0001:0001c00c       _tolower_l                 000000018001d00c f   libucrt:tolower_toupper.obj
 0001:0001c14c       tolower                    000000018001d14c f   libucrt:tolower_toupper.obj
 0001:0001c178       __acrt_initialize_locks    000000018001d178 f   libucrt:locks.obj
 0001:0001c1c0       __acrt_lock                000000018001d1c0 f   libucrt:locks.obj
 0001:0001c1dc       __acrt_uninitialize_locks  000000018001d1dc f   libucrt:locks.obj
 0001:0001c214       __acrt_unlock              000000018001d214 f   libucrt:locks.obj
 0001:0001c230       _lock_locales              000000018001d230 f   libucrt:locks.obj
 0001:0001c24c       _unlock_locales            000000018001d24c f   libucrt:locks.obj
 0001:0001c25c       terminate                  000000018001d25c f   libucrt:terminate.obj
 0001:0001c584       setlocale                  000000018001d584 f   libucrt:setlocale.obj
 0001:0001c688       _fsopen                    000000018001d688 f   libucrt:fopen.obj
 0001:0001c690       _calloc_base               000000018001d690 f   libucrt:calloc_base.obj
 0001:0001c708       __pctype_func              000000018001d708 f   libucrt:ctype.obj
 0001:0001c738       _wcsdup                    000000018001d738 f   libucrt:wcsdup.obj
 0001:0001c7bc       ___lc_codepage_func        000000018001d7bc f   libucrt:initctype.obj
 0001:0001c7ec       ___lc_locale_name_func     000000018001d7ec f   libucrt:initctype.obj
 0001:0001c820       ___mb_cur_max_func         000000018001d820 f   libucrt:initctype.obj
 0001:0001c850       __acrt_locale_initialize_ctype 000000018001d850 f   libucrt:initctype.obj
 0001:0001ceb4       _ismbblead                 000000018001deb4 f   libucrt:ismbbyte.obj
 0001:0001cec8       _malloc_base               000000018001dec8 f   libucrt:malloc_base.obj
 0001:0001cf28       _realloc_base              000000018001df28 f   libucrt:realloc_base.obj
 0001:0001cfb0       pow                        000000018001dfb0 f   libucrt:pow.obj
 0001:0001e650       powf                       000000018001f650 f   libucrt:powf.obj
 0001:0001f518       __strncnt                  0000000180020518 f   libucrt:strncnt.obj
 0001:0001f530       _free_base                 0000000180020530 f   libucrt:free_base.obj
 0001:0001f570       wcscpy_s                   0000000180020570 f   libucrt:wcscpy_s.obj
 0001:0001f5d8       strnlen                    00000001800205d8 f   libucrt:strnlen.obj
 0001:0001f71c       wcsnlen                    000000018002071c f   libucrt:strnlen.obj
 0001:0001f8e4       __acrt_initialize_new_handler 00000001800208e4 f   libucrt:new_handler.obj
 0001:0001f8ec       _callnewh                  00000001800208ec f   libucrt:new_handler.obj
 0001:0001f91c       _query_new_handler         000000018002091c f   libucrt:new_handler.obj
 0001:0001f950       _initterm                  0000000180020950 f   libucrt:initterm.obj
 0001:0001f9b4       _initterm_e                00000001800209b4 f   libucrt:initterm.obj
 0001:0001f9f4       _seh_filter_dll            00000001800209f4 f   libucrt:exception_filter.obj
 0001:0001fa08       _seh_filter_exe            0000000180020a08 f   libucrt:exception_filter.obj
 0001:0001fe14       __acrt_initialize_thread_local_exit_callback 0000000180020e14 f   libucrt:exit.obj
 0001:0001fe1c       _cexit                     0000000180020e1c f   libucrt:exit.obj
 0001:0001fe2c       _exit                      0000000180020e2c f   libucrt:exit.obj
 0001:0001fe38       _is_c_termination_complete 0000000180020e38 f   libucrt:exit.obj
 0001:0001fffc       __acrt_allocate_buffer_for_argv 0000000180020ffc f   libucrt:argv_parsing.obj
 0001:0002005c       _configure_narrow_argv     000000018002105c f   libucrt:argv_parsing.obj
 0001:000203d8       __dcrt_uninitialize_environments_nolock 00000001800213d8 f   libucrt:environment_initialization.obj
 0001:00020410       _initialize_narrow_environment 0000000180021410 f   libucrt:environment_initialization.obj
 0001:000207a0       _crt_atexit                00000001800217a0 f   libucrt:onexit.obj
 0001:000207b0       _execute_onexit_table      00000001800217b0 f   libucrt:onexit.obj
 0001:000207ec       _initialize_onexit_table   00000001800217ec f   libucrt:onexit.obj
 0001:0002082c       _register_onexit_function  000000018002182c f   libucrt:onexit.obj
 0001:000209b4       __acrt_initialize          00000001800219b4 f   libucrt:initialization.obj
 0001:000209c8       __acrt_thread_attach       00000001800219c8 f   libucrt:initialization.obj
 0001:000209dc       __acrt_thread_detach       00000001800219dc f   libucrt:initialization.obj
 0001:000209ec       __acrt_uninitialize        00000001800219ec f   libucrt:initialization.obj
 0001:00020a24       __acrt_uninitialize_critical 0000000180021a24 f   libucrt:initialization.obj
 0001:00020a34       strcpy_s                   0000000180021a34 f   libucrt:strcpy_s.obj
 0001:00020a94       wcsncmp                    0000000180021a94 f   libucrt:wcsncmp.obj
 0001:00020ac0       ??$parse_integer@KV?$c_string_character_source@D@__crt_strtox@@@__crt_strtox@@YAKQEAU__crt_locale_pointers@@V?$c_string_character_source@D@0@H_N@Z 0000000180021ac0 f i libucrt:atox.obj
 0001:00020ddc       ??$parse_integer@KV?$c_string_character_source@_W@__crt_strtox@@@__crt_strtox@@YAKQEAU__crt_locale_pointers@@V?$c_string_character_source@_W@0@H_N@Z 0000000180021ddc f i libucrt:atox.obj
 0001:000214a0       _wtol                      00000001800224a0 f   libucrt:atox.obj
 0001:000214cc       _query_app_type            00000001800224cc f   libucrt:report_runtime_error.obj
 0001:000215e8       _itow_s                    00000001800225e8 f   libucrt:xtoa.obj
 0001:00021608       _set_error_mode            0000000180022608 f   libucrt:set_error_mode.obj
 0001:00021648       wcscat_s                   0000000180022648 f   libucrt:wcscat_s.obj
 0001:000216c8       wcsncat_s                  00000001800226c8 f   libucrt:wcsncat_s.obj
 0001:000217c8       __acrt_show_wide_message_box 00000001800227c8 f   libucrt:crtmbox.obj
 0001:000218b4       __acrt_get_sigabrt_handler 00000001800228b4 f   libucrt:signal.obj
 0001:000218e4       __acrt_initialize_signal_handlers 00000001800228e4 f   libucrt:signal.obj
 0001:00021904       raise                      0000000180022904 f   libucrt:signal.obj
 0001:00021ef0       __acrt_freeptd             0000000180022ef0 f   libucrt:per_thread_data.obj
 0001:00021f34       __acrt_getptd              0000000180022f34 f   libucrt:per_thread_data.obj
 0001:00022000       __acrt_getptd_head         0000000180023000 f   libucrt:per_thread_data.obj
 0001:000220a8       __acrt_getptd_noexit       00000001800230a8 f   libucrt:per_thread_data.obj
 0001:00022178       __acrt_initialize_ptd      0000000180023178 f   libucrt:per_thread_data.obj
 0001:000221b4       __acrt_uninitialize_ptd    00000001800231b4 f   libucrt:per_thread_data.obj
 0001:000221d8       _fileno                    00000001800231d8 f   libucrt:fileno.obj
 0001:000223c4       __acrt_stdio_flush_and_write_narrow_nolock 00000001800233c4 f   libucrt:_flsbuf.obj
 0001:000224ac       __acrt_stdio_flush_and_write_wide_nolock 00000001800234ac f   libucrt:_flsbuf.obj
 0001:00022780       __acrt_initialize_lowio    0000000180023780 f   libucrt:ioinit.obj
 0001:000227bc       __acrt_uninitialize_lowio  00000001800237bc f   libucrt:ioinit.obj
 0001:000227fc       iswctype                   00000001800237fc f   libucrt:iswctype.obj
 0001:0002286c       _isctype_l                 000000018002386c f   libucrt:isctype.obj
 0001:0002297c       __acrt_update_locale_info  000000018002397c f   libucrt:locale_update.obj
 0001:000229b0       __acrt_update_multibyte_info 00000001800239b0 f   libucrt:locale_update.obj
 0001:000229e4       fegetround                 00000001800239e4 f   libucrt:fegetround.obj
 0001:00022c60       __acrt_copy_locale_name    0000000180023c60 f   libucrt:wsetlocale.obj
 0001:00022ce4       __acrt_set_locale_changed  0000000180023ce4 f   libucrt:wsetlocale.obj
 0001:00022cf0       __acrt_uninitialize_locale 0000000180023cf0 f   libucrt:wsetlocale.obj
 0001:00022d20       __lc_lctowcs               0000000180023d20 f   libucrt:wsetlocale.obj
[...]
 0004:00002334       $pdata$GetLcidFromLangCountry 0000000180050334     libucrt:getqloc_downlevel.obj
 0004:00002340       $pdata$GetLcidFromLanguage 0000000180050340     libucrt:getqloc_downlevel.obj
 0004:0000234c       $pdata$LangCountryEnumProc 000000018005034c     libucrt:getqloc_downlevel.obj
 0004:00002358       $pdata$LanguageEnumProc    0000000180050358     libucrt:getqloc_downlevel.obj
 0004:00002364       $pdata$ProcessCodePage     0000000180050364     libucrt:getqloc_downlevel.obj
 0004:00002370       $pdata$TestDefaultLanguage 0000000180050370     libucrt:getqloc_downlevel.obj
 0004:0000237c       $pdata$TranslateName       000000018005037c     libucrt:getqloc_downlevel.obj
 0004:00002388       $pdata$__acrt_get_qualified_locale_downlevel 0000000180050388     libucrt:getqloc_downlevel.obj
 0004:00002394       $pdata$_putwch_nolock      0000000180050394     libucrt:putwch.obj
 0004:000023a0       $pdata$__acrt_fp_strflt_to_string 00000001800503a0     libucrt:_fptostr.obj
 0004:000023ac       $pdata$__acrt_fltout       00000001800503ac     libucrt:cfout.obj
 0004:000023b8       $pdata$memcpy_s            00000001800503b8     libucrt:strtod.obj
 0004:000023b8       $pdata$memcpy_s            00000001800503b8     libucrt:cfout.obj
 0004:000023c4       $pdata$??$translate_text_mode_nolock@D@@YAHHQEAD_K@Z 00000001800503c4     libucrt:read.obj
 0004:000023d0       $pdata$??$translate_text_mode_nolock@_W@@YAHHQEA_W_K@Z 00000001800503d0     libucrt:read.obj
 0004:000023dc       $pdata$?translate_ansi_or_utf8_nolock@@YAHHQEAD_KQEA_W1@Z 00000001800503dc     libucrt:read.obj
 0004:000023e8       $pdata$_read               00000001800503e8     libucrt:read.obj
 0004:000023f4       $pdata$_read_nolock        00000001800503f4     libucrt:read.obj
 0004:00002400       $pdata$?GetTableIndexFromLocaleName@@YAHPEB_W@Z 0000000180050400     libucrt:lcidtoname_downlevel.obj
 0004:0000240c       $pdata$__acrt_DownlevelLCIDToLocaleName 000000018005040c     libucrt:lcidtoname_downlevel.obj
 0004:00002418       $pdata$__acrt_DownlevelLocaleNameToLCID 0000000180050418     libucrt:lcidtoname_downlevel.obj
 0004:00002430       $pdata$_wcsnicmp           0000000180050430     libucrt:wcsnicmp.obj
 0004:0000243c       $pdata$_wcsnicmp_l         000000018005043c     libucrt:wcsnicmp.obj
 0004:00002454       $pdata$__ascii_strnicmp    0000000180050454     libucrt:strnicmp.obj
 0004:00002460       $pdata$_strnicmp           0000000180050460     libucrt:strnicmp.obj
 0004:0000246c       $pdata$_strnicmp_l         000000018005046c     libucrt:strnicmp.obj
 0004:00002478       $pdata$??$common_sopen_dispatch@D@@YAHQEBDHHHQEAHH@Z 0000000180050478     libucrt:open.obj
 0004:00002484       $pdata$?configure_text_mode@@YAHHUfile_options@?A0xa9d50aae@@HAEAW4__crt_lowio_text_mode@@@Z 0000000180050484     libucrt:open.obj
 0004:00002490       $pdata$?decode_options@@YA?AUfile_options@?A0xa9d50aae@@HHH@Z 0000000180050490     libucrt:open.obj
 0004:0000249c       $pdata$?truncate_ctrl_z_if_present@@YAHH@Z 000000018005049c     libucrt:open.obj
 0004:000024a8       $pdata$_sopen_nolock       00000001800504a8     libucrt:open.obj
 0004:000024b4       $pdata$_sopen_s            00000001800504b4     libucrt:open.obj
 0004:000024c0       $pdata$_wsopen_nolock      00000001800504c0     libucrt:open.obj
 0004:000024cc       $pdata$strncpy_s           00000001800504cc     libucrt:strncpy_s.obj
 0004:000024d8       $pdata$_call_matherr       00000001800504d8     libucrt:libm_error.obj
 0004:000024e4       $pdata$_exception_enabled  00000001800504e4     libucrt:libm_error.obj
 0004:000024f0       $pdata$_handle_error       00000001800504f0     libucrt:libm_error.obj
 0004:000024fc       $pdata$_handle_errorf      00000001800504fc     libucrt:libm_error.obj
 0004:00002508       $pdata$_towlower_l         0000000180050508     libucrt:towlower.obj
 0004:00002514       $pdata$qsort               0000000180050514     libucrt:qsort.obj
 0004:00002520       $pdata$4$qsort             0000000180050520     libucrt:qsort.obj
 0004:0000252c       $pdata$5$qsort             000000018005052c     libucrt:qsort.obj
 0004:00002538       $pdata$fallbackMethod      0000000180050538     libucrt:strpbrk.obj
 0004:00002544       $pdata$strpbrk             0000000180050544     libucrt:strpbrk.obj
 0004:00002550       $pdata$_mbsdec_l           0000000180050550     libucrt:mbsdec.obj
 0004:0000255c       $pdata$?initialize_multibyte@@YAHXZ 000000018005055c     libucrt:multibyte_initializer.obj
 0004:00002568       $pdata$_msize_base         0000000180050568     libucrt:msize.obj
 0004:00002574       $pdata$__dcrt_lowio_ensure_console_output_initialized 0000000180050574     libucrt:initcon.obj
 0004:00002580       $pdata$__dcrt_terminate_console_output 0000000180050580     libucrt:initcon.obj
 0004:0000258c       $pdata$__dcrt_write_console_w 000000018005058c     libucrt:initcon.obj
 0004:00002598       $pdata$fegetenv            0000000180050598     libucrt:fegetenv.obj
 0004:000025a4       $pdata$fesetenv            00000001800505a4     libucrt:fesetenv.obj
 0004:000025b0       $pdata$feholdexcept        00000001800505b0     libucrt:feholdexcept.obj
 0004:000025c8       $pdata$_get_fmode          00000001800505c8     libucrt:setmode.obj
 0004:000025d4       $pdata$_setmode_nolock     00000001800505d4     libucrt:setmode.obj
 0004:000025e0       $pdata$__acrt_copy_path_to_wide_string 00000001800505e0     libucrt:string_utilities.obj
 0004:000025ec       $pdata$_chsize_nolock      00000001800505ec     libucrt:chsize.obj
 0004:000025f8       $pdata$__acrt_LCMapStringW 00000001800505f8     libucrt:lcmapstringw.obj
 0004:00002604       $pdata$_clearfp            0000000180050604     libucrt:ieee.obj
 0004:00002610       $pdata$_log10_special      0000000180050610     libucrt:log_special.obj
 0004:0000261c       $pdata$_log_special_common 000000018005061c     libucrt:log_special.obj
 0004:00002628       $pdata$?DloadAcquireSectionWriteAccess@@YAXXZ 0000000180050628     DelayImp:delayhlp.obj
 0004:00002634       $pdata$?DloadGetSRWLockFunctionPointers@@YAEXZ 0000000180050634     DelayImp:delayhlp.obj
 0004:00002640       $pdata$?DloadMakePermanentImageCommit@@YAXPEAX_K@Z 0000000180050640     DelayImp:delayhlp.obj
 0004:0000264c       $pdata$?DloadObtainSection@@YAPEAXPEAK0@Z 000000018005064c     DelayImp:delayhlp.obj
 0004:00002658       $pdata$?DloadProtectSection@@YAXKPEAK@Z 0000000180050658     DelayImp:delayhlp.obj
 0004:00002664       $pdata$?DloadReleaseSectionWriteAccess@@YAXXZ 0000000180050664     DelayImp:delayhlp.obj
 0004:00002670       $pdata$__delayLoadHelper2  0000000180050670     DelayImp:delayhlp.obj
 0004:0000267c       $pdata$_IsNonwritableInCurrentImage 000000018005067c     LIBCMT:pesect.obj
 0004:00002688       $pdata$strrchr             0000000180050688     libvcruntime:strrchr.obj
 0004:00002694       $pdata$wcschr              0000000180050694     libvcruntime:wcschr.obj
 0004:000026dc       $pdata$?fin$0@?0??dllmain_crt_process_attach@@YAHQEAUHINSTANCE__@@QEAX@Z@4HA 00000001800506dc     LIBCMT:dll_dllmain.obj
 0004:000026e8       $pdata$?fin$0@?0??dllmain_crt_process_detach@@YAH_N@Z@4HA 00000001800506e8     LIBCMT:dll_dllmain.obj
 0004:000026f4       $pdata$?filt$0@?0??dllmain_dispatch@@YAHQEAUHINSTANCE__@@KQEAX@Z@4HA 00000001800506f4     LIBCMT:dll_dllmain.obj
 0004:00002700       $pdata$__scrt_is_nonwritable_in_current_image$filt$0 0000000180050700     LIBCMT:utility.obj
 0004:0000270c       $pdata$_CallSETranslator$filt$0 000000018005070c     libvcruntime:risctrnsctrl.obj
 0004:00002718       $pdata$__DestructExceptionObject$filt$0 0000000180050718     libvcruntime:ehhelpers.obj
 0004:00002724       $pdata$__CxxCallCatchBlock$filt$0 0000000180050724     libvcruntime:frame.obj
 0004:00002730       $pdata$__CxxCallCatchBlock$fin$1 0000000180050730     libvcruntime:frame.obj
 0004:0000273c       $pdata$__FrameUnwindToState$filt$0 000000018005073c     libvcruntime:frame.obj
 0004:00002748       $pdata$__FrameUnwindToState$fin$1 0000000180050748     libvcruntime:frame.obj
 0004:00002754       $pdata$fputc$fin$0         0000000180050754     libucrt:fputc.obj
 0004:00002760       $pdata$?fin$0@?0???$?RV<lambda_886d6c58226a84441f68b9f2b8217b83>@@AEAV<lambda_ab61a845afdef5b7c387490eaf3616ee>@@V<lambda_f7f22ab5edc0698d5f6905b0d3f44752>@@@?$__crt_seh_guarded_call@X@@QEAAX$$QEAV<lambda_886d6c58226a84441f68b9f2b8217b83>@@AEAV<lambda_ab61a845afdef5b7c387490eaf3616ee>@@$$QEAV<lambda_f7f22ab5edc0698d5f6905b0d3f44752>@@@Z@4HA 0000000180050760     libucrt:fflush.obj
 0004:0000276c       $pdata$?fin$0@?0???$?RV<lambda_0d412022a4b28cc8a401ea49574e8ae6>@@AEAV<lambda_a775ed57af18ba8e4d5dc780aa9068fe>@@V<lambda_975a71a6baa488a08f4e15f6b0339b9e>@@@?$__crt_seh_guarded_call@H@@QEAAH$$QEAV<lambda_0d412022a4b28cc8a401ea49574e8ae6>@@AEAV<lambda_a775ed57af18ba8e4d5dc780aa9068fe>@@$$QEAV<lambda_975a71a6baa488a08f4e15f6b0339b9e>@@@Z@4HA 000000018005076c     libucrt:output.obj
 0004:0000276c       $pdata$?fin$0@?0???$?RV<lambda_bdbcead8b570fa3d5ec6d9679862a6e5>@@AEAV<lambda_96f4279ff90247a4c5c5d9824f56f8c1>@@V<lambda_4606be27f17b5e5579e09050fab91818>@@@?$__crt_seh_guarded_call@_K@@QEAA_K$$QEAV<lambda_bdbcead8b570fa3d5ec6d9679862a6e5>@@AEAV<lambda_96f4279ff90247a4c5c5d9824f56f8c1>@@$$QEAV<lambda_4606be27f17b5e5579e09050fab91818>@@@Z@4HA 000000018005076c     libucrt:fwrite.obj
 0004:0000276c       $pdata$?fin$0@?0???$?RV<lambda_842d9ff0dc9ef11c61343bbaebe7f885>@@AEAV<lambda_c5860995281e5c4ce005b3de8f5874ee>@@V<lambda_d90129c13df834fdcbf8d2b88dafcf2d>@@@?$__crt_seh_guarded_call@X@@QEAAX$$QEAV<lambda_842d9ff0dc9ef11c61343bbaebe7f885>@@AEAV<lambda_c5860995281e5c4ce005b3de8f5874ee>@@$$QEAV<lambda_d90129c13df834fdcbf8d2b88dafcf2d>@@@Z@4HA 000000018005076c     libucrt:fflush.obj
 0004:0000276c       $pdata$?fin$0@?0???$?RV<lambda_84ec643ea9557e2f7dc01bb0e9624395>@@AEAV<lambda_ca71763b3c0644891230e4f79ea54fa6>@@V<lambda_439a761618c59b0600e24586724d733b>@@@?$__crt_seh_guarded_call@H@@QEAAH$$QEAV<lambda_84ec643ea9557e2f7dc01bb0e9624395>@@AEAV<lambda_ca71763b3c0644891230e4f79ea54fa6>@@$$QEAV<lambda_439a761618c59b0600e24586724d733b>@@@Z@4HA 000000018005076c     libucrt:setvbuf.obj
 0004:0000276c       $pdata$?fin$0@?0???$?RV<lambda_c376a267cfb53b6959b3b692ec76b120>@@AEAV<lambda_9a32fed5bf61b6b509b2d3f6003082a1>@@V<lambda_572fbb9fa0ab338edf41edfd4b5fcc8d>@@@?$__crt_seh_guarded_call@H@@QEAAH$$QEAV<lambda_c376a267cfb53b6959b3b692ec76b120>@@AEAV<lambda_9a32fed5bf61b6b509b2d3f6003082a1>@@$$QEAV<lambda_572fbb9fa0ab338edf41edfd4b5fcc8d>@@@Z@4HA 000000018005076c     libucrt:fflush.obj
 0004:00002778       $pdata$fgetc$fin$0         0000000180050778     libucrt:fgetc.obj
 0004:00002784       $pdata$ungetc$fin$0        0000000180050784     libucrt:ungetc.obj
 0004:00002790       $pdata$?fin$0@?0???$common_fsopen@D@@YAPEAU_iobuf@@QEBD0H@Z@4HA 0000000180050790     libucrt:fopen.obj
 0004:0000279c       $pdata$_query_new_handler$fin$0 000000018005079c     libucrt:new_handler.obj
 0004:000027a8       $pdata$?filt$0@?0???R<lambda_6e4b09c48022b2350581041d5f6b0c4c>@@QEBA@XZ@4HA 00000001800507a8     libucrt:exit.obj
 0004:000027b4       $pdata$?fin$0@?0???$?RV<lambda_0ae27a3a962d80f24befdcbee591983d>@@AEAV<lambda_8d0ee55de4b1038c4002e0adecdf1839>@@V<lambda_dc504788e8f1664fe9b84e20bfb512f2>@@@?$__crt_seh_guarded_call@X@@QEAAX$$QEAV<lambda_0ae27a3a962d80f24befdcbee591983d>@@AEAV<lambda_8d0ee55de4b1038c4002e0adecdf1839>@@$$QEAV<lambda_dc504788e8f1664fe9b84e20bfb512f2>@@@Z@4HA 00000001800507b4     libucrt:per_thread_data.obj
 0004:000027b4       $pdata$?fin$0@?0???$?RV<lambda_9bd929c17696992ce54f1d748594fc62>@@AEAV<lambda_082c17da81b0962e08c0587ee0fac50c>@@V<lambda_9c08ac857f4975304d44e9f601d9b878>@@@?$__crt_seh_guarded_call@PEAD@@QEAAPEAD$$QEAV<lambda_9bd929c17696992ce54f1d748594fc62>@@AEAV<lambda_082c17da81b0962e08c0587ee0fac50c>@@$$QEAV<lambda_9c08ac857f4975304d44e9f601d9b878>@@@Z@4HA 00000001800507b4     libucrt:setlocale.obj
 0004:000027b4       $pdata$?fin$0@?0???$?RV<lambda_efdfa57d1f175319df784efa44bb7b81>@@AEAV<lambda_5f0a4c1567f8adc6734073e5d1e1b35c>@@V<lambda_2e8a7d3640ea6ccb4c2413664c2db6fd>@@@?$__crt_seh_guarded_call@X@@QEAAX$$QEAV<lambda_efdfa57d1f175319df784efa44bb7b81>@@AEAV<lambda_5f0a4c1567f8adc6734073e5d1e1b35c>@@$$QEAV<lambda_2e8a7d3640ea6ccb4c2413664c2db6fd>@@@Z@4HA 00000001800507b4     libucrt:mbctype.obj
 0004:000027b4       $pdata$?fin$0@?0???$?RV<lambda_2d41944a1d46af3157314b8a01080d33>@@AEAV<lambda_8f455de75cd7d7f24b4096f044d8b9e6>@@V<lambda_aa500f224e6afead328df44964fe2772>@@@?$__crt_seh_guarded_call@X@@QEAAX$$QEAV<lambda_2d41944a1d46af3157314b8a01080d33>@@AEAV<lambda_8f455de75cd7d7f24b4096f044d8b9e6>@@$$QEAV<lambda_aa500f224e6afead328df44964fe2772>@@@Z@4HA 00000001800507b4     libucrt:per_thread_data.obj
 0004:000027b4       $pdata$?fin$0@?0???$?RV<lambda_450d765d439847d4c735a33c368b5fc0>@@AEAV<lambda_44731a7d0e6d81c3e6aa82d741081786>@@V<lambda_601a2a7da3b7a96e9554ac7215c4b07c>@@@?$__crt_seh_guarded_call@P6AXH@Z@@QEAAP6AXH@Z$$QEAV<lambda_450d765d439847d4c735a33c368b5fc0>@@AEAV<lambda_44731a7d0e6d81c3e6aa82d741081786>@@$$QEAV<lambda_601a2a7da3b7a96e9554ac7215c4b07c>@@@Z@4HA 00000001800507b4     libucrt:signal.obj
 0004:000027b4       $pdata$?fin$0@?0???$?RV<lambda_7777bce6b2f8c936911f934f8298dc43>@@AEAV<lambda_f03950bc5685219e0bcd2087efbe011e>@@V<lambda_3883c3dff614d5e0c5f61bb1ac94921c>@@@?$__crt_seh_guarded_call@H@@QEAAH$$QEAV<lambda_7777bce6b2f8c936911f934f8298dc43>@@AEAV<lambda_f03950bc5685219e0bcd2087efbe011e>@@$$QEAV<lambda_3883c3dff614d5e0c5f61bb1ac94921c>@@@Z@4HA 00000001800507b4     libucrt:onexit.obj
 0004:000027b4       $pdata$?fin$0@?0???$?RV<lambda_f2e299630e499de9f9a165e60fcd3db5>@@AEAV<lambda_2ae9d31cdba2644fcbeaf08da7c24588>@@V<lambda_40d01ff24d0e7b3814fdbdcee8eab3c7>@@@?$__crt_seh_guarded_call@X@@QEAAX$$QEAV<lambda_f2e299630e499de9f9a165e60fcd3db5>@@AEAV<lambda_2ae9d31cdba2644fcbeaf08da7c24588>@@$$QEAV<lambda_40d01ff24d0e7b3814fdbdcee8eab3c7>@@@Z@4HA 00000001800507b4     libucrt:per_thread_data.obj
 0004:000027b4       $pdata$?fin$0@?0???$?RV<lambda_8369fcb7c4df1e85de37618bd2b85f07>@@AEAV<lambda_a10e4b102d4a2c3aac6f4f48bbdf488f>@@V<lambda_5b7707bd6d7a0c4713179f36c7fd995d>@@@?$__crt_seh_guarded_call@H@@QEAAH$$QEAV<lambda_8369fcb7c4df1e85de37618bd2b85f07>@@AEAV<lambda_a10e4b102d4a2c3aac6f4f48bbdf488f>@@$$QEAV<lambda_5b7707bd6d7a0c4713179f36c7fd995d>@@@Z@4HA 00000001800507b4     libucrt:onexit.obj
 0004:000027b4       $pdata$?fin$0@?0???$?RV<lambda_bd00b5aa228bd7e7e5b2b5db5fd2933b>@@AEAV<lambda_777d11615145f89ee95b9466d285deeb>@@V<lambda_6e5e48fbd24f9f8f81b203eb3d877683>@@@?$__crt_seh_guarded_call@H@@QEAAH$$QEAV<lambda_bd00b5aa228bd7e7e5b2b5db5fd2933b>@@AEAV<lambda_777d11615145f89ee95b9466d285deeb>@@$$QEAV<lambda_6e5e48fbd24f9f8f81b203eb3d877683>@@@Z@4HA 00000001800507b4     libucrt:winapi_thunks.obj
 0004:000027b4       $pdata$?fin$0@?0???$?RV<lambda_d80eeec6fff315bfe5c115232f3240e3>@@AEAV<lambda_6e4b09c48022b2350581041d5f6b0c4c>@@V<lambda_2358e3775559c9db80273638284d5e45>@@@?$__crt_seh_guarded_call@X@@QEAAX$$QEAV<lambda_d80eeec6fff315bfe5c115232f3240e3>@@AEAV<lambda_6e4b09c48022b2350581041d5f6b0c4c>@@$$QEAV<lambda_2358e3775559c9db80273638284d5e45>@@@Z@4HA 00000001800507b4     libucrt:exit.obj
 0004:000027b4       $pdata$?fin$0@?0???$?RV<lambda_aa87e3671a710a21b5dc78c0bdf72e11>@@AEAV<lambda_92619d2358a28f41a33ba319515a20b9>@@V<lambda_6992ecaafeb10aed2b74cb1fae11a551>@@@?$__crt_seh_guarded_call@X@@QEAAX$$QEAV<lambda_aa87e3671a710a21b5dc78c0bdf72e11>@@AEAV<lambda_92619d2358a28f41a33ba319515a20b9>@@$$QEAV<lambda_6992ecaafeb10aed2b74cb1fae11a551>@@@Z@4HA 00000001800507b4     libucrt:per_thread_data.obj
 0004:000027b4       $pdata$?fin$0@?0???$?RV<lambda_9529fede68560d7205a1271ab16b352e>@@AEAV<lambda_ebf8c556deb379764da826e7bb46e993>@@V<lambda_db92443d3c9ace7c8a20b950bb983b5a>@@@?$__crt_seh_guarded_call@X@@QEAAX$$QEAV<lambda_9529fede68560d7205a1271ab16b352e>@@AEAV<lambda_ebf8c556deb379764da826e7bb46e993>@@$$QEAV<lambda_db92443d3c9ace7c8a20b950bb983b5a>@@@Z@4HA 00000001800507b4     libucrt:wsetlocale.obj
 0004:000027c0       $pdata$raise$fin$0         00000001800507c0     libucrt:signal.obj
 0004:000027cc       $pdata$?fin$0@?0???$?RV<lambda_410d79af7f07d98d83a3f525b3859a53>@@AEAV<lambda_3e16ef9562a7dcce91392c22ab16ea36>@@V<lambda_38119f0e861e05405d8a144b9b982f0a>@@@?$__crt_seh_guarded_call@X@@QEAAX$$QEAV<lambda_410d79af7f07d98d83a3f525b3859a53>@@AEAV<lambda_3e16ef9562a7dcce91392c22ab16ea36>@@$$QEAV<lambda_38119f0e861e05405d8a144b9b982f0a>@@@Z@4HA 00000001800507cc     libucrt:wsetlocale.obj
 0004:000027d8       $pdata$?fin$0@?0???$?RV<lambda_d8a01803c7231904df012bb083be9e3a>@@AEAV<lambda_b163b37eafe0a13f2c371fafeb0365c9>@@AEAV<lambda_8dff2cf36a5417162780cd64fa2883ef>@@@?$__crt_seh_guarded_call@X@@QEAAX$$QEAV<lambda_d8a01803c7231904df012bb083be9e3a>@@AEAV<lambda_b163b37eafe0a13f2c371fafeb0365c9>@@AEAV<lambda_8dff2cf36a5417162780cd64fa2883ef>@@@Z@4HA 00000001800507d8     libucrt:wsetlocale.obj
 0004:000027e4       $pdata$?fin$0@?0???$?RV<lambda_751a882b2c74d4b022dec766aa51a29a>@@AEAV<lambda_628dfdc04ba53c8bfc02c9951375f3f5>@@V<lambda_f6c7be5f7998530c34de24c7437d6b54>@@@?$__crt_seh_guarded_call@H@@QEAAH$$QEAV<lambda_751a882b2c74d4b022dec766aa51a29a>@@AEAV<lambda_628dfdc04ba53c8bfc02c9951375f3f5>@@$$QEAV<lambda_f6c7be5f7998530c34de24c7437d6b54>@@@Z@4HA 00000001800507e4     libucrt:close.obj
 0004:000027e4       $pdata$?fin$0@?0???$?RV<lambda_a37b2b86f63e897a80ea819b0eb08c01>@@AEAV<lambda_38ce7e780aa69e748d6df282ebc68efe>@@V<lambda_99fb1378e971ab6e7edea83e3a7a83a2>@@@?$__crt_seh_guarded_call@H@@QEAAH$$QEAV<lambda_a37b2b86f63e897a80ea819b0eb08c01>@@AEAV<lambda_38ce7e780aa69e748d6df282ebc68efe>@@$$QEAV<lambda_99fb1378e971ab6e7edea83e3a7a83a2>@@@Z@4HA 00000001800507e4     libucrt:commit.obj
 0004:000027f0       $pdata$_fcloseall$fin$0    00000001800507f0     libucrt:closeall.obj
 0004:000027f0       $pdata$?fin$0@?0??__acrt_stdio_allocate_stream@@YA?AV__crt_stdio_stream@@XZ@4HA 00000001800507f0     libucrt:stream.obj
 0004:000027fc       $pdata$?fin$0@?0???$common_ftell@_J@@YA_JV__crt_stdio_stream@@@Z@4HA 00000001800507fc     libucrt:ftell.obj
 0004:000027fc       $pdata$?fin$0@?0??common_fseek@@YAHV__crt_stdio_stream@@_JH@Z@4HA 00000001800507fc     libucrt:fseek.obj
 0004:000027fc       $pdata$fclose$fin$0        00000001800507fc     libucrt:fclose.obj
 0004:00002808       $pdata$_ctrlfp$filt$0      0000000180050808     libucrt:fpctrl.obj
 0004:00002814       $pdata$?fin$0@?0???$common_lseek@_J@@YA_JH_JH@Z@4HA 0000000180050814     libucrt:lseek.obj
 0004:00002814       $pdata$_write$fin$0        0000000180050814     libucrt:write.obj
 0004:00002820       $pdata$?fin$0@?0??update_thread_multibyte_data_internal@@YAPEAU__crt_multibyte_data@@QEAU__acrt_ptd@@QEAPEAU1@@Z@4HA 0000000180050820     libucrt:mbctype.obj
 0004:0000282c       $pdata$__acrt_update_thread_locale_data$fin$0 000000018005082c     libucrt:locale_refcounting.obj
 0004:00002838       $pdata$__acrt_initialize_lowio$fin$0 0000000180050838     libucrt:ioinit.obj
 0004:00002838       $pdata$__acrt_lowio_ensure_fh_exists$fin$0 0000000180050838     libucrt:osfinfo.obj
 0004:00002838       $pdata$_alloc_osfhnd$fin$0 0000000180050838     libucrt:osfinfo.obj
 0004:00002844       $pdata$_read$fin$0         0000000180050844     libucrt:read.obj
 0004:00002850       $pdata$?fin$0@?0???$common_sopen_dispatch@D@@YAHQEBDHHHQEAHH@Z@4HA 0000000180050850     libucrt:open.obj
 0004:0000285c       $pdata$_IsNonwritableInCurrentImage$filt$0 000000018005085c     LIBCMT:pesect.obj
 0004:00002868       $pdata$??__F_Fac_tidy_reg@std@@YAXXZ 0000000180050868     libcpmt:locale0.obj
 0004:00002874       $pdata$??__Fclassic_locale@std@@YAXXZ 0000000180050874     libcpmt:locale0.obj
 0004:00002880       $pdata$??__Finit_atexit@@YAXXZ 0000000180050880     libcpmt:iosptrs.obj
 0005:00000060       $R000000                   0000000180051060     * linker generated manifest res *

 Exports

  ordinal    name

        1    _register_addon_
